<?xml version="1.0" encoding="utf-8"?>
<TestRun id="ef0243fa-66b0-4b6a-9109-0f9359ba3851" name="jarig@ETERNALS 2026-03-30 00:11:23" runUser="ETERNALS\jarig" xmlns="http://microsoft.com/schemas/VisualStudio/TeamTest/2010">
  <Times creation="2026-03-30T00:11:23.7493573-05:00" queuing="2026-03-30T00:11:23.7493577-05:00" start="2026-03-30T00:11:17.8827203-05:00" finish="2026-03-30T00:11:26.0386712-05:00" />
  <TestSettings name="default" id="744d701e-cb2f-478d-89fa-a9b986c13bd0">
    <Deployment runDeploymentRoot="jarig_ETERNALS_2026-03-30_00_11_23" />
  </TestSettings>
  <Results>
    <UnitTestResult executionId="d2ab0597-3b1c-412c-a1f4-17deb6b5472a" testId="f0012e1f-72a3-c25f-a3c6-ec8f862f935c" testName="MailMonitor.IntegrationTests.Api.EmailStatisticsApiIntegrationTests.Get_ShouldReturnDataFilteredByCompanyProcessedAndDateRange" computerName="ETERNALS" duration="00:00:05.9976597" startTime="2026-03-30T00:11:25.7334539-05:00" endTime="2026-03-30T00:11:25.7334544-05:00" testType="13cdc9d9-ddb5-4fa4-a97d-d965ccfc6d4b" outcome="Passed" testListId="8c84fa94-04c1-424b-9868-57a2d4851a1d" relativeResultsDirectory="d2ab0597-3b1c-412c-a1f4-17deb6b5472a" />
    <UnitTestResult executionId="e83cb13b-a9df-4881-b6b1-6189d6abe80c" testId="3fcb46bd-b07b-4ce8-2e67-740bf3339bb4" testName="MailMonitor.IntegrationTests.Api.SettingsApiIntegrationTests.Put_ShouldPersistBaseStorageFolder_InSqlite" computerName="ETERNALS" duration="00:00:00.2530780" startTime="2026-03-30T00:11:23.9721422-05:00" endTime="2026-03-30T00:11:23.9721425-05:00" testType="13cdc9d9-ddb5-4fa4-a97d-d965ccfc6d4b" outcome="Passed" testListId="8c84fa94-04c1-424b-9868-57a2d4851a1d" relativeResultsDirectory="e83cb13b-a9df-4881-b6b1-6189d6abe80c" />
    <UnitTestResult executionId="622638df-4448-478d-ac52-60ede22456f3" testId="bd5f03cc-225a-2c02-c9f2-b94921fb3fcf" testName="MailMonitor.IntegrationTests.Api.GraphSettingsApiIntegrationTests.Get_ShouldShowOnlyLastFourCharacters_ForLongClientSecret" computerName="ETERNALS" duration="00:00:00.2174703" startTime="2026-03-30T00:11:23.9032096-05:00" endTime="2026-03-30T00:11:23.9032099-05:00" testType="13cdc9d9-ddb5-4fa4-a97d-d965ccfc6d4b" outcome="Passed" testListId="8c84fa94-04c1-424b-9868-57a2d4851a1d" relativeResultsDirectory="622638df-4448-478d-ac52-60ede22456f3" />
    <UnitTestResult executionId="0ac263a6-aafe-4fe5-91a9-0ffa17f9146f" testId="42da67e2-7a3f-4576-32d3-6fed18539b22" testName="MailMonitor.IntegrationTests.Api.CompaniesApiIntegrationTests.Crud_ShouldPersistAndReturnCompany_FromSqlite" computerName="ETERNALS" duration="00:00:04.2988320" startTime="2026-03-30T00:11:24.0344615-05:00" endTime="2026-03-30T00:11:24.0344619-05:00" testType="13cdc9d9-ddb5-4fa4-a97d-d965ccfc6d4b" outcome="Passed" testListId="8c84fa94-04c1-424b-9868-57a2d4851a1d" relativeResultsDirectory="0ac263a6-aafe-4fe5-91a9-0ffa17f9146f" />
    <UnitTestResult executionId="c3d3bacf-fa20-45c4-b3b3-17264f316899" testId="2772b6fe-1c9c-831c-6262-a305af4dd2f5" testName="MailMonitor.IntegrationTests.Api.GraphSettingsApiIntegrationTests.Get_ShouldMaskShortClientSecret_Completely" computerName="ETERNALS" duration="00:00:03.9336952" startTime="2026-03-30T00:11:23.6810217-05:00" endTime="2026-03-30T00:11:23.6810572-05:00" testType="13cdc9d9-ddb5-4fa4-a97d-d965ccfc6d4b" outcome="Passed" testListId="8c84fa94-04c1-424b-9868-57a2d4851a1d" relativeResultsDirectory="c3d3bacf-fa20-45c4-b3b3-17264f316899" />
    <UnitTestResult executionId="9c9b77af-8c54-4c29-8a13-c73836423057" testId="033ba254-fb22-cd82-e6dc-0a1ddbf7601e" testName="MailMonitor.IntegrationTests.Api.EmailStatisticsApiIntegrationTests.Get_ShouldReturnBadRequest_WhenToIsBeforeFrom" computerName="ETERNALS" duration="00:00:00.0782371" startTime="2026-03-30T00:11:25.8134114-05:00" endTime="2026-03-30T00:11:25.8134118-05:00" testType="13cdc9d9-ddb5-4fa4-a97d-d965ccfc6d4b" outcome="Passed" testListId="8c84fa94-04c1-424b-9868-57a2d4851a1d" relativeResultsDirectory="9c9b77af-8c54-4c29-8a13-c73836423057" />
    <UnitTestResult executionId="2b63d765-16d4-4ec4-9bdc-9ec0a072e18a" testId="957c4e58-722b-98ff-1147-e0c29c1f60e9" testName="MailMonitor.IntegrationTests.Api.SettingsApiIntegrationTests.Get_ShouldReturnSeededSettings_FromSqlite" computerName="ETERNALS" duration="00:00:03.9832712" startTime="2026-03-30T00:11:23.7189998-05:00" endTime="2026-03-30T00:11:23.7190002-05:00" testType="13cdc9d9-ddb5-4fa4-a97d-d965ccfc6d4b" outcome="Passed" testListId="8c84fa94-04c1-424b-9868-57a2d4851a1d" relativeResultsDirectory="2b63d765-16d4-4ec4-9bdc-9ec0a072e18a" />
  </Results>
  <TestDefinitions>
    <UnitTest name="MailMonitor.IntegrationTests.Api.GraphSettingsApiIntegrationTests.Get_ShouldMaskShortClientSecret_Completely" storage="c:\users\jarig\source\repos\mastermailmonitoring\mailmonitor.integrationtests\bin\debug\net8.0\mailmonitor.integrationtests.dll" id="2772b6fe-1c9c-831c-6262-a305af4dd2f5">
      <Execution id="c3d3bacf-fa20-45c4-b3b3-17264f316899" />
      <TestMethod codeBase="C:\Users\jarig\source\repos\MasterMailMonitoring\MailMonitor.IntegrationTests\bin\Debug\net8.0\MailMonitor.IntegrationTests.dll" adapterTypeName="executor://xunit/VsTestRunner2/netcoreapp" className="MailMonitor.IntegrationTests.Api.GraphSettingsApiIntegrationTests" name="Get_ShouldMaskShortClientSecret_Completely" />
    </UnitTest>
    <UnitTest name="MailMonitor.IntegrationTests.Api.EmailStatisticsApiIntegrationTests.Get_ShouldReturnDataFilteredByCompanyProcessedAndDateRange" storage="c:\users\jarig\source\repos\mastermailmonitoring\mailmonitor.integrationtests\bin\debug\net8.0\mailmonitor.integrationtests.dll" id="f0012e1f-72a3-c25f-a3c6-ec8f862f935c">
      <Execution id="d2ab0597-3b1c-412c-a1f4-17deb6b5472a" />
      <TestMethod codeBase="C:\Users\jarig\source\repos\MasterMailMonitoring\MailMonitor.IntegrationTests\bin\Debug\net8.0\MailMonitor.IntegrationTests.dll" adapterTypeName="executor://xunit/VsTestRunner2/netcoreapp" className="MailMonitor.IntegrationTests.Api.EmailStatisticsApiIntegrationTests" name="Get_ShouldReturnDataFilteredByCompanyProcessedAndDateRange" />
    </UnitTest>
    <UnitTest name="MailMonitor.IntegrationTests.Api.SettingsApiIntegrationTests.Put_ShouldPersistBaseStorageFolder_InSqlite" storage="c:\users\jarig\source\repos\mastermailmonitoring\mailmonitor.integrationtests\bin\debug\net8.0\mailmonitor.integrationtests.dll" id="3fcb46bd-b07b-4ce8-2e67-740bf3339bb4">
      <Execution id="e83cb13b-a9df-4881-b6b1-6189d6abe80c" />
      <TestMethod codeBase="C:\Users\jarig\source\repos\MasterMailMonitoring\MailMonitor.IntegrationTests\bin\Debug\net8.0\MailMonitor.IntegrationTests.dll" adapterTypeName="executor://xunit/VsTestRunner2/netcoreapp" className="MailMonitor.IntegrationTests.Api.SettingsApiIntegrationTests" name="Put_ShouldPersistBaseStorageFolder_InSqlite" />
    </UnitTest>
    <UnitTest name="MailMonitor.IntegrationTests.Api.CompaniesApiIntegrationTests.Crud_ShouldPersistAndReturnCompany_FromSqlite" storage="c:\users\jarig\source\repos\mastermailmonitoring\mailmonitor.integrationtests\bin\debug\net8.0\mailmonitor.integrationtests.dll" id="42da67e2-7a3f-4576-32d3-6fed18539b22">
      <Execution id="0ac263a6-aafe-4fe5-91a9-0ffa17f9146f" />
      <TestMethod codeBase="C:\Users\jarig\source\repos\MasterMailMonitoring\MailMonitor.IntegrationTests\bin\Debug\net8.0\MailMonitor.IntegrationTests.dll" adapterTypeName="executor://xunit/VsTestRunner2/netcoreapp" className="MailMonitor.IntegrationTests.Api.CompaniesApiIntegrationTests" name="Crud_ShouldPersistAndReturnCompany_FromSqlite" />
    </UnitTest>
    <UnitTest name="MailMonitor.IntegrationTests.Api.EmailStatisticsApiIntegrationTests.Get_ShouldReturnBadRequest_WhenToIsBeforeFrom" storage="c:\users\jarig\source\repos\mastermailmonitoring\mailmonitor.integrationtests\bin\debug\net8.0\mailmonitor.integrationtests.dll" id="033ba254-fb22-cd82-e6dc-0a1ddbf7601e">
      <Execution id="9c9b77af-8c54-4c29-8a13-c73836423057" />
      <TestMethod codeBase="C:\Users\jarig\source\repos\MasterMailMonitoring\MailMonitor.IntegrationTests\bin\Debug\net8.0\MailMonitor.IntegrationTests.dll" adapterTypeName="executor://xunit/VsTestRunner2/netcoreapp" className="MailMonitor.IntegrationTests.Api.EmailStatisticsApiIntegrationTests" name="Get_ShouldReturnBadRequest_WhenToIsBeforeFrom" />
    </UnitTest>
    <UnitTest name="MailMonitor.IntegrationTests.Api.GraphSettingsApiIntegrationTests.Get_ShouldShowOnlyLastFourCharacters_ForLongClientSecret" storage="c:\users\jarig\source\repos\mastermailmonitoring\mailmonitor.integrationtests\bin\debug\net8.0\mailmonitor.integrationtests.dll" id="bd5f03cc-225a-2c02-c9f2-b94921fb3fcf">
      <Execution id="622638df-4448-478d-ac52-60ede22456f3" />
      <TestMethod codeBase="C:\Users\jarig\source\repos\MasterMailMonitoring\MailMonitor.IntegrationTests\bin\Debug\net8.0\MailMonitor.IntegrationTests.dll" adapterTypeName="executor://xunit/VsTestRunner2/netcoreapp" className="MailMonitor.IntegrationTests.Api.GraphSettingsApiIntegrationTests" name="Get_ShouldShowOnlyLastFourCharacters_ForLongClientSecret" />
    </UnitTest>
    <UnitTest name="MailMonitor.IntegrationTests.Api.SettingsApiIntegrationTests.Get_ShouldReturnSeededSettings_FromSqlite" storage="c:\users\jarig\source\repos\mastermailmonitoring\mailmonitor.integrationtests\bin\debug\net8.0\mailmonitor.integrationtests.dll" id="957c4e58-722b-98ff-1147-e0c29c1f60e9">
      <Execution id="2b63d765-16d4-4ec4-9bdc-9ec0a072e18a" />
      <TestMethod codeBase="C:\Users\jarig\source\repos\MasterMailMonitoring\MailMonitor.IntegrationTests\bin\Debug\net8.0\MailMonitor.IntegrationTests.dll" adapterTypeName="executor://xunit/VsTestRunner2/netcoreapp" className="MailMonitor.IntegrationTests.Api.SettingsApiIntegrationTests" name="Get_ShouldReturnSeededSettings_FromSqlite" />
    </UnitTest>
  </TestDefinitions>
  <TestEntries>
    <TestEntry testId="f0012e1f-72a3-c25f-a3c6-ec8f862f935c" executionId="d2ab0597-3b1c-412c-a1f4-17deb6b5472a" testListId="8c84fa94-04c1-424b-9868-57a2d4851a1d" />
    <TestEntry testId="3fcb46bd-b07b-4ce8-2e67-740bf3339bb4" executionId="e83cb13b-a9df-4881-b6b1-6189d6abe80c" testListId="8c84fa94-04c1-424b-9868-57a2d4851a1d" />
    <TestEntry testId="bd5f03cc-225a-2c02-c9f2-b94921fb3fcf" executionId="622638df-4448-478d-ac52-60ede22456f3" testListId="8c84fa94-04c1-424b-9868-57a2d4851a1d" />
    <TestEntry testId="42da67e2-7a3f-4576-32d3-6fed18539b22" executionId="0ac263a6-aafe-4fe5-91a9-0ffa17f9146f" testListId="8c84fa94-04c1-424b-9868-57a2d4851a1d" />
    <TestEntry testId="2772b6fe-1c9c-831c-6262-a305af4dd2f5" executionId="c3d3bacf-fa20-45c4-b3b3-17264f316899" testListId="8c84fa94-04c1-424b-9868-57a2d4851a1d" />
    <TestEntry testId="033ba254-fb22-cd82-e6dc-0a1ddbf7601e" executionId="9c9b77af-8c54-4c29-8a13-c73836423057" testListId="8c84fa94-04c1-424b-9868-57a2d4851a1d" />
    <TestEntry testId="957c4e58-722b-98ff-1147-e0c29c1f60e9" executionId="2b63d765-16d4-4ec4-9bdc-9ec0a072e18a" testListId="8c84fa94-04c1-424b-9868-57a2d4851a1d" />
  </TestEntries>
  <TestLists>
    <TestList name="Resultados sin formato de lista" id="8c84fa94-04c1-424b-9868-57a2d4851a1d" />
    <TestList name="Todos los resultados cargados" id="19431567-8539-422a-85d7-44ee4e166bda" />
  </TestLists>
  <ResultSummary outcome="Completed">
    <Counters total="7" executed="7" passed="7" failed="0" error="0" timeout="0" aborted="0" inconclusive="0" passedButRunAborted="0" notRunnable="0" notExecuted="0" disconnected="0" warning="0" completed="0" inProgress="0" pending="0" />
    <Output>
      <StdOut>[xUnit.net 00:00:00.00] xUnit.net VSTest Adapter v2.5.3.1+6b60a9e56a (64-bit .NET 8.0.25)&#xD;
[xUnit.net 00:00:00.23]   Discovering: MailMonitor.IntegrationTests&#xD;
[xUnit.net 00:00:00.30]   Discovered:  MailMonitor.IntegrationTests&#xD;
[xUnit.net 00:00:00.30]   Starting:    MailMonitor.IntegrationTests&#xD;
[xUnit.net 00:00:06.49]   Finished:    MailMonitor.IntegrationTests&#xD;
</StdOut>
    </Output>
  </ResultSummary>
</TestRun>