<?xml version="1.0" encoding="utf-8"?>
<TestRun id="562ed06b-e07c-4563-8456-907f508b17d6" name="jarig@ETERNALS 2026-03-30 00:10:53" runUser="ETERNALS\jarig" xmlns="http://microsoft.com/schemas/VisualStudio/TeamTest/2010">
  <Times creation="2026-03-30T00:10:53.2057528-05:00" queuing="2026-03-30T00:10:53.2057532-05:00" start="2026-03-30T00:10:51.2907458-05:00" finish="2026-03-30T00:10:53.4532725-05:00" />
  <TestSettings name="default" id="22e408f1-8336-42fd-bf01-aeab5fd51552">
    <Deployment runDeploymentRoot="jarig_ETERNALS_2026-03-30_00_10_53" />
  </TestSettings>
  <Results>
    <UnitTestResult executionId="4c2b501d-aad6-4af2-a696-4820c1790682" testId="2d37f6cf-23ac-04e9-d8da-d82d83b7daf4" testName="MailMonitor.UnitTests.Worker.MessageFilterServiceTests.FilterAttachments_ShouldApplyExtensionAndKeywordFilters" computerName="ETERNALS" duration="00:00:00.0024088" startTime="2026-03-30T00:10:53.1217666-05:00" endTime="2026-03-30T00:10:53.1217667-05:00" testType="13cdc9d9-ddb5-4fa4-a97d-d965ccfc6d4b" outcome="Passed" testListId="8c84fa94-04c1-424b-9868-57a2d4851a1d" relativeResultsDirectory="4c2b501d-aad6-4af2-a696-4820c1790682" />
    <UnitTestResult executionId="e282c259-8568-4089-8456-420dfcb8cac4" testId="2f177721-a043-b6e8-6c60-34bf87707798" testName="MailMonitor.UnitTests.Domain.GraphSettingValidationTests.Validate_ShouldFail_WhenInstanceIsEmpty" computerName="ETERNALS" duration="00:00:00.0012743" startTime="2026-03-30T00:10:53.1212482-05:00" endTime="2026-03-30T00:10:53.1212483-05:00" testType="13cdc9d9-ddb5-4fa4-a97d-d965ccfc6d4b" outcome="Passed" testListId="8c84fa94-04c1-424b-9868-57a2d4851a1d" relativeResultsDirectory="e282c259-8568-4089-8456-420dfcb8cac4" />
    <UnitTestResult executionId="d0e8be3c-2f56-4a37-a67d-6511ba1cbe8e" testId="07582dd2-2dd1-14d2-3b3b-6d831995e9ec" testName="MailMonitor.UnitTests.Domain.CompanyValidationTests.RegisterProcessedEmail_ShouldPersistProcessedMetadata" computerName="ETERNALS" duration="00:00:00.0084099" startTime="2026-03-30T00:10:52.9364475-05:00" endTime="2026-03-30T00:10:52.9364484-05:00" testType="13cdc9d9-ddb5-4fa4-a97d-d965ccfc6d4b" outcome="Passed" testListId="8c84fa94-04c1-424b-9868-57a2d4851a1d" relativeResultsDirectory="d0e8be3c-2f56-4a37-a67d-6511ba1cbe8e" />
    <UnitTestResult executionId="d16f9c99-5963-4b24-a5b8-f9659b32725e" testId="501c5e39-3e84-c6a8-3468-667e93ae91fb" testName="MailMonitor.UnitTests.Domain.CompanyValidationTests.CreateValidated_ShouldFail_WhenStartFromIsInvalid" computerName="ETERNALS" duration="00:00:00.0099513" startTime="2026-03-30T00:10:52.9058144-05:00" endTime="2026-03-30T00:10:52.9058146-05:00" testType="13cdc9d9-ddb5-4fa4-a97d-d965ccfc6d4b" outcome="Passed" testListId="8c84fa94-04c1-424b-9868-57a2d4851a1d" relativeResultsDirectory="d16f9c99-5963-4b24-a5b8-f9659b32725e" />
    <UnitTestResult executionId="6bf39b15-11ea-4d58-a3f9-8349b27a0b79" testId="193deadb-14b6-0846-3756-e75dd6dfd909" testName="MailMonitor.UnitTests.Domain.CompanyValidationTests.CreateValidated_ShouldNormalizeListsAndTrimFields" computerName="ETERNALS" duration="00:00:00.0232615" startTime="2026-03-30T00:10:52.9319179-05:00" endTime="2026-03-30T00:10:52.9319182-05:00" testType="13cdc9d9-ddb5-4fa4-a97d-d965ccfc6d4b" outcome="Passed" testListId="8c84fa94-04c1-424b-9868-57a2d4851a1d" relativeResultsDirectory="6bf39b15-11ea-4d58-a3f9-8349b27a0b79" />
    <UnitTestResult executionId="9e31abb9-1cc4-42f5-bfce-ab8cf7fde530" testId="b23c301a-30dd-0b29-540b-7478f8e1b3c0" testName="MailMonitor.UnitTests.Infrastructure.AttachmentStorageSanitizationTests.StoreFile_ShouldSanitizeSubjectAndFileName_AndKeepPathUnderBaseFolder" computerName="ETERNALS" duration="00:00:00.4198377" startTime="2026-03-30T00:10:53.2971752-05:00" endTime="2026-03-30T00:10:53.2971756-05:00" testType="13cdc9d9-ddb5-4fa4-a97d-d965ccfc6d4b" outcome="Passed" testListId="8c84fa94-04c1-424b-9868-57a2d4851a1d" relativeResultsDirectory="9e31abb9-1cc4-42f5-bfce-ab8cf7fde530" />
    <UnitTestResult executionId="241b9da2-01aa-4c5b-b0b0-eb0d0bc0aadb" testId="e183be1d-ff9c-d435-7079-d53b621811a8" testName="MailMonitor.UnitTests.Worker.MessageFilterServiceTests.FilterAttachments_ShouldOnlyApplyKeywordFilter_WhenNoExtensionsConfigured" computerName="ETERNALS" duration="00:00:00.2373161" startTime="2026-03-30T00:10:53.1216272-05:00" endTime="2026-03-30T00:10:53.1216274-05:00" testType="13cdc9d9-ddb5-4fa4-a97d-d965ccfc6d4b" outcome="Passed" testListId="8c84fa94-04c1-424b-9868-57a2d4851a1d" relativeResultsDirectory="241b9da2-01aa-4c5b-b0b0-eb0d0bc0aadb" />
    <UnitTestResult executionId="91e1acf7-f28d-421f-8f3e-bb992a6e32fd" testId="93cdc64f-f411-dc3e-2a81-4e2e7e461fb5" testName="MailMonitor.UnitTests.Domain.GraphSettingValidationTests.Validate_ShouldFail_WhenScopesJsonIsInvalid" computerName="ETERNALS" duration="00:00:00.0121373" startTime="2026-03-30T00:10:53.1215614-05:00" endTime="2026-03-30T00:10:53.1215614-05:00" testType="13cdc9d9-ddb5-4fa4-a97d-d965ccfc6d4b" outcome="Passed" testListId="8c84fa94-04c1-424b-9868-57a2d4851a1d" relativeResultsDirectory="91e1acf7-f28d-421f-8f3e-bb992a6e32fd" />
    <UnitTestResult executionId="4e0bb7b0-7d1f-4a5d-b63e-1971e520d247" testId="c1f9de97-81b1-af75-9725-c048648a378b" testName="MailMonitor.UnitTests.Domain.CompanyValidationTests.RegisterProcessedEmail_ShouldFail_WhenSubjectIsEmpty" computerName="ETERNALS" duration="00:00:00.0010112" startTime="2026-03-30T00:10:52.9064799-05:00" endTime="2026-03-30T00:10:52.9064800-05:00" testType="13cdc9d9-ddb5-4fa4-a97d-d965ccfc6d4b" outcome="Passed" testListId="8c84fa94-04c1-424b-9868-57a2d4851a1d" relativeResultsDirectory="4e0bb7b0-7d1f-4a5d-b63e-1971e520d247" />
    <UnitTestResult executionId="6323771a-31e7-4ae2-88c5-49eb7c904ac0" testId="065081dc-2ef0-a9f2-36f8-4aeb4e55292d" testName="MailMonitor.UnitTests.Domain.GraphSettingValidationTests.SetScopes_ShouldNormalizeAndDeduplicateValues" computerName="ETERNALS" duration="00:00:00.1658114" startTime="2026-03-30T00:10:53.0414795-05:00" endTime="2026-03-30T00:10:53.0414799-05:00" testType="13cdc9d9-ddb5-4fa4-a97d-d965ccfc6d4b" outcome="Passed" testListId="8c84fa94-04c1-424b-9868-57a2d4851a1d" relativeResultsDirectory="6323771a-31e7-4ae2-88c5-49eb7c904ac0" />
    <UnitTestResult executionId="7c095774-f25b-45bf-9555-ec4bccf92047" testId="63826db0-e19a-a1be-f1db-f89e79295747" testName="MailMonitor.UnitTests.Domain.CompanyValidationTests.CreateValidated_ShouldFail_WhenNameIsEmpty" computerName="ETERNALS" duration="00:00:00.0125581" startTime="2026-03-30T00:10:52.8980657-05:00" endTime="2026-03-30T00:10:52.8981260-05:00" testType="13cdc9d9-ddb5-4fa4-a97d-d965ccfc6d4b" outcome="Passed" testListId="8c84fa94-04c1-424b-9868-57a2d4851a1d" relativeResultsDirectory="7c095774-f25b-45bf-9555-ec4bccf92047" />
    <UnitTestResult executionId="ef488b69-519c-4260-ad54-92acc54dd5ec" testId="52e16965-bee5-9cbf-506e-fd274f4821a6" testName="MailMonitor.UnitTests.Domain.CompanyValidationTests.RegisterProcessedEmail_ShouldFail_WhenAttachmentsCountIsNegative" computerName="ETERNALS" duration="00:00:00.0002686" startTime="2026-03-30T00:10:52.9065432-05:00" endTime="2026-03-30T00:10:52.9065433-05:00" testType="13cdc9d9-ddb5-4fa4-a97d-d965ccfc6d4b" outcome="Passed" testListId="8c84fa94-04c1-424b-9868-57a2d4851a1d" relativeResultsDirectory="ef488b69-519c-4260-ad54-92acc54dd5ec" />
    <UnitTestResult executionId="67d687ea-5c59-4f34-8d6f-0bf2f1218760" testId="a47c8102-6a6a-0b7e-3a6e-00b34c05bd61" testName="MailMonitor.UnitTests.Domain.GraphSettingValidationTests.Validate_ShouldSucceed_WhenAllRequiredFieldsArePresent" computerName="ETERNALS" duration="00:00:00.0004238" startTime="2026-03-30T00:10:53.1215071-05:00" endTime="2026-03-30T00:10:53.1215072-05:00" testType="13cdc9d9-ddb5-4fa4-a97d-d965ccfc6d4b" outcome="Passed" testListId="8c84fa94-04c1-424b-9868-57a2d4851a1d" relativeResultsDirectory="67d687ea-5c59-4f34-8d6f-0bf2f1218760" />
    <UnitTestResult executionId="45c77532-424f-4677-8a37-d6d9991cf546" testId="56721eae-11d1-8edc-34ab-b03833e27774" testName="MailMonitor.UnitTests.Worker.MessageFilterServiceTests.EvaluateMessage_ShouldSkip_WhenMessageIdWasAlreadyProcessed" computerName="ETERNALS" duration="00:00:00.0049114" startTime="2026-03-30T00:10:53.1216801-05:00" endTime="2026-03-30T00:10:53.1216801-05:00" testType="13cdc9d9-ddb5-4fa4-a97d-d965ccfc6d4b" outcome="Passed" testListId="8c84fa94-04c1-424b-9868-57a2d4851a1d" relativeResultsDirectory="45c77532-424f-4677-8a37-d6d9991cf546" />
    <UnitTestResult executionId="ab049478-7ad9-4eb6-b34b-a483863c7b8a" testId="cf49aacc-4629-bae2-7c81-fe28a5695b65" testName="MailMonitor.UnitTests.Worker.MessageFilterServiceTests.EvaluateMessage_ShouldContinue_WhenSubjectMatchesKeywordWithMixedSeparators" computerName="ETERNALS" duration="00:00:00.0015854" startTime="2026-03-30T00:10:53.1224163-05:00" endTime="2026-03-30T00:10:53.1224168-05:00" testType="13cdc9d9-ddb5-4fa4-a97d-d965ccfc6d4b" outcome="Passed" testListId="8c84fa94-04c1-424b-9868-57a2d4851a1d" relativeResultsDirectory="ab049478-7ad9-4eb6-b34b-a483863c7b8a" />
    <UnitTestResult executionId="55326d3d-1e4a-469f-8819-eb6a0a0f5213" testId="2a616e8c-22a2-cae8-dcac-01d5f8de8010" testName="MailMonitor.UnitTests.Infrastructure.AttachmentStorageSanitizationTests.StoreFile_ShouldUseNoSubjectDirectory_WhenSubjectIsEmpty" computerName="ETERNALS" duration="00:00:00.0145269" startTime="2026-03-30T00:10:53.3102147-05:00" endTime="2026-03-30T00:10:53.3102152-05:00" testType="13cdc9d9-ddb5-4fa4-a97d-d965ccfc6d4b" outcome="Passed" testListId="8c84fa94-04c1-424b-9868-57a2d4851a1d" relativeResultsDirectory="55326d3d-1e4a-469f-8819-eb6a0a0f5213" />
    <UnitTestResult executionId="54134287-9ba5-423e-b5fa-62fe9e64ffad" testId="500f2251-e8b8-be45-8d6d-8563e207803c" testName="MailMonitor.UnitTests.Worker.MessageFilterServiceTests.EvaluateMessage_ShouldSkip_WhenSubjectDoesNotMatchConfiguredKeywords" computerName="ETERNALS" duration="00:00:00.0003544" startTime="2026-03-30T00:10:53.1229245-05:00" endTime="2026-03-30T00:10:53.1229251-05:00" testType="13cdc9d9-ddb5-4fa4-a97d-d965ccfc6d4b" outcome="Passed" testListId="8c84fa94-04c1-424b-9868-57a2d4851a1d" relativeResultsDirectory="54134287-9ba5-423e-b5fa-62fe9e64ffad" />
  </Results>
  <TestDefinitions>
    <UnitTest name="MailMonitor.UnitTests.Domain.GraphSettingValidationTests.Validate_ShouldFail_WhenInstanceIsEmpty" storage="c:\users\jarig\source\repos\mastermailmonitoring\mailmonitor.unittests\bin\debug\net8.0\mailmonitor.unittests.dll" id="2f177721-a043-b6e8-6c60-34bf87707798">
      <Execution id="e282c259-8568-4089-8456-420dfcb8cac4" />
      <TestMethod codeBase="C:\Users\jarig\source\repos\MasterMailMonitoring\MailMonitor.UnitTests\bin\Debug\net8.0\MailMonitor.UnitTests.dll" adapterTypeName="executor://xunit/VsTestRunner2/netcoreapp" className="MailMonitor.UnitTests.Domain.GraphSettingValidationTests" name="Validate_ShouldFail_WhenInstanceIsEmpty" />
    </UnitTest>
    <UnitTest name="MailMonitor.UnitTests.Worker.MessageFilterServiceTests.EvaluateMessage_ShouldSkip_WhenSubjectDoesNotMatchConfiguredKeywords" storage="c:\users\jarig\source\repos\mastermailmonitoring\mailmonitor.unittests\bin\debug\net8.0\mailmonitor.unittests.dll" id="500f2251-e8b8-be45-8d6d-8563e207803c">
      <Execution id="54134287-9ba5-423e-b5fa-62fe9e64ffad" />
      <TestMethod codeBase="C:\Users\jarig\source\repos\MasterMailMonitoring\MailMonitor.UnitTests\bin\Debug\net8.0\MailMonitor.UnitTests.dll" adapterTypeName="executor://xunit/VsTestRunner2/netcoreapp" className="MailMonitor.UnitTests.Worker.MessageFilterServiceTests" name="EvaluateMessage_ShouldSkip_WhenSubjectDoesNotMatchConfiguredKeywords" />
    </UnitTest>
    <UnitTest name="MailMonitor.UnitTests.Worker.MessageFilterServiceTests.EvaluateMessage_ShouldSkip_WhenMessageIdWasAlreadyProcessed" storage="c:\users\jarig\source\repos\mastermailmonitoring\mailmonitor.unittests\bin\debug\net8.0\mailmonitor.unittests.dll" id="56721eae-11d1-8edc-34ab-b03833e27774">
      <Execution id="45c77532-424f-4677-8a37-d6d9991cf546" />
      <TestMethod codeBase="C:\Users\jarig\source\repos\MasterMailMonitoring\MailMonitor.UnitTests\bin\Debug\net8.0\MailMonitor.UnitTests.dll" adapterTypeName="executor://xunit/VsTestRunner2/netcoreapp" className="MailMonitor.UnitTests.Worker.MessageFilterServiceTests" name="EvaluateMessage_ShouldSkip_WhenMessageIdWasAlreadyProcessed" />
    </UnitTest>
    <UnitTest name="MailMonitor.UnitTests.Worker.MessageFilterServiceTests.FilterAttachments_ShouldOnlyApplyKeywordFilter_WhenNoExtensionsConfigured" storage="c:\users\jarig\source\repos\mastermailmonitoring\mailmonitor.unittests\bin\debug\net8.0\mailmonitor.unittests.dll" id="e183be1d-ff9c-d435-7079-d53b621811a8">
      <Execution id="241b9da2-01aa-4c5b-b0b0-eb0d0bc0aadb" />
      <TestMethod codeBase="C:\Users\jarig\source\repos\MasterMailMonitoring\MailMonitor.UnitTests\bin\Debug\net8.0\MailMonitor.UnitTests.dll" adapterTypeName="executor://xunit/VsTestRunner2/netcoreapp" className="MailMonitor.UnitTests.Worker.MessageFilterServiceTests" name="FilterAttachments_ShouldOnlyApplyKeywordFilter_WhenNoExtensionsConfigured" />
    </UnitTest>
    <UnitTest name="MailMonitor.UnitTests.Domain.CompanyValidationTests.RegisterProcessedEmail_ShouldFail_WhenAttachmentsCountIsNegative" storage="c:\users\jarig\source\repos\mastermailmonitoring\mailmonitor.unittests\bin\debug\net8.0\mailmonitor.unittests.dll" id="52e16965-bee5-9cbf-506e-fd274f4821a6">
      <Execution id="ef488b69-519c-4260-ad54-92acc54dd5ec" />
      <TestMethod codeBase="C:\Users\jarig\source\repos\MasterMailMonitoring\MailMonitor.UnitTests\bin\Debug\net8.0\MailMonitor.UnitTests.dll" adapterTypeName="executor://xunit/VsTestRunner2/netcoreapp" className="MailMonitor.UnitTests.Domain.CompanyValidationTests" name="RegisterProcessedEmail_ShouldFail_WhenAttachmentsCountIsNegative" />
    </UnitTest>
    <UnitTest name="MailMonitor.UnitTests.Domain.CompanyValidationTests.CreateValidated_ShouldFail_WhenNameIsEmpty" storage="c:\users\jarig\source\repos\mastermailmonitoring\mailmonitor.unittests\bin\debug\net8.0\mailmonitor.unittests.dll" id="63826db0-e19a-a1be-f1db-f89e79295747">
      <Execution id="7c095774-f25b-45bf-9555-ec4bccf92047" />
      <TestMethod codeBase="C:\Users\jarig\source\repos\MasterMailMonitoring\MailMonitor.UnitTests\bin\Debug\net8.0\MailMonitor.UnitTests.dll" adapterTypeName="executor://xunit/VsTestRunner2/netcoreapp" className="MailMonitor.UnitTests.Domain.CompanyValidationTests" name="CreateValidated_ShouldFail_WhenNameIsEmpty" />
    </UnitTest>
    <UnitTest name="MailMonitor.UnitTests.Domain.CompanyValidationTests.RegisterProcessedEmail_ShouldPersistProcessedMetadata" storage="c:\users\jarig\source\repos\mastermailmonitoring\mailmonitor.unittests\bin\debug\net8.0\mailmonitor.unittests.dll" id="07582dd2-2dd1-14d2-3b3b-6d831995e9ec">
      <Execution id="d0e8be3c-2f56-4a37-a67d-6511ba1cbe8e" />
      <TestMethod codeBase="C:\Users\jarig\source\repos\MasterMailMonitoring\MailMonitor.UnitTests\bin\Debug\net8.0\MailMonitor.UnitTests.dll" adapterTypeName="executor://xunit/VsTestRunner2/netcoreapp" className="MailMonitor.UnitTests.Domain.CompanyValidationTests" name="RegisterProcessedEmail_ShouldPersistProcessedMetadata" />
    </UnitTest>
    <UnitTest name="MailMonitor.UnitTests.Domain.GraphSettingValidationTests.Validate_ShouldFail_WhenScopesJsonIsInvalid" storage="c:\users\jarig\source\repos\mastermailmonitoring\mailmonitor.unittests\bin\debug\net8.0\mailmonitor.unittests.dll" id="93cdc64f-f411-dc3e-2a81-4e2e7e461fb5">
      <Execution id="91e1acf7-f28d-421f-8f3e-bb992a6e32fd" />
      <TestMethod codeBase="C:\Users\jarig\source\repos\MasterMailMonitoring\MailMonitor.UnitTests\bin\Debug\net8.0\MailMonitor.UnitTests.dll" adapterTypeName="executor://xunit/VsTestRunner2/netcoreapp" className="MailMonitor.UnitTests.Domain.GraphSettingValidationTests" name="Validate_ShouldFail_WhenScopesJsonIsInvalid" />
    </UnitTest>
    <UnitTest name="MailMonitor.UnitTests.Domain.CompanyValidationTests.CreateValidated_ShouldFail_WhenStartFromIsInvalid" storage="c:\users\jarig\source\repos\mastermailmonitoring\mailmonitor.unittests\bin\debug\net8.0\mailmonitor.unittests.dll" id="501c5e39-3e84-c6a8-3468-667e93ae91fb">
      <Execution id="d16f9c99-5963-4b24-a5b8-f9659b32725e" />
      <TestMethod codeBase="C:\Users\jarig\source\repos\MasterMailMonitoring\MailMonitor.UnitTests\bin\Debug\net8.0\MailMonitor.UnitTests.dll" adapterTypeName="executor://xunit/VsTestRunner2/netcoreapp" className="MailMonitor.UnitTests.Domain.CompanyValidationTests" name="CreateValidated_ShouldFail_WhenStartFromIsInvalid" />
    </UnitTest>
    <UnitTest name="MailMonitor.UnitTests.Worker.MessageFilterServiceTests.EvaluateMessage_ShouldContinue_WhenSubjectMatchesKeywordWithMixedSeparators" storage="c:\users\jarig\source\repos\mastermailmonitoring\mailmonitor.unittests\bin\debug\net8.0\mailmonitor.unittests.dll" id="cf49aacc-4629-bae2-7c81-fe28a5695b65">
      <Execution id="ab049478-7ad9-4eb6-b34b-a483863c7b8a" />
      <TestMethod codeBase="C:\Users\jarig\source\repos\MasterMailMonitoring\MailMonitor.UnitTests\bin\Debug\net8.0\MailMonitor.UnitTests.dll" adapterTypeName="executor://xunit/VsTestRunner2/netcoreapp" className="MailMonitor.UnitTests.Worker.MessageFilterServiceTests" name="EvaluateMessage_ShouldContinue_WhenSubjectMatchesKeywordWithMixedSeparators" />
    </UnitTest>
    <UnitTest name="MailMonitor.UnitTests.Domain.CompanyValidationTests.RegisterProcessedEmail_ShouldFail_WhenSubjectIsEmpty" storage="c:\users\jarig\source\repos\mastermailmonitoring\mailmonitor.unittests\bin\debug\net8.0\mailmonitor.unittests.dll" id="c1f9de97-81b1-af75-9725-c048648a378b">
      <Execution id="4e0bb7b0-7d1f-4a5d-b63e-1971e520d247" />
      <TestMethod codeBase="C:\Users\jarig\source\repos\MasterMailMonitoring\MailMonitor.UnitTests\bin\Debug\net8.0\MailMonitor.UnitTests.dll" adapterTypeName="executor://xunit/VsTestRunner2/netcoreapp" className="MailMonitor.UnitTests.Domain.CompanyValidationTests" name="RegisterProcessedEmail_ShouldFail_WhenSubjectIsEmpty" />
    </UnitTest>
    <UnitTest name="MailMonitor.UnitTests.Worker.MessageFilterServiceTests.FilterAttachments_ShouldApplyExtensionAndKeywordFilters" storage="c:\users\jarig\source\repos\mastermailmonitoring\mailmonitor.unittests\bin\debug\net8.0\mailmonitor.unittests.dll" id="2d37f6cf-23ac-04e9-d8da-d82d83b7daf4">
      <Execution id="4c2b501d-aad6-4af2-a696-4820c1790682" />
      <TestMethod codeBase="C:\Users\jarig\source\repos\MasterMailMonitoring\MailMonitor.UnitTests\bin\Debug\net8.0\MailMonitor.UnitTests.dll" adapterTypeName="executor://xunit/VsTestRunner2/netcoreapp" className="MailMonitor.UnitTests.Worker.MessageFilterServiceTests" name="FilterAttachments_ShouldApplyExtensionAndKeywordFilters" />
    </UnitTest>
    <UnitTest name="MailMonitor.UnitTests.Domain.CompanyValidationTests.CreateValidated_ShouldNormalizeListsAndTrimFields" storage="c:\users\jarig\source\repos\mastermailmonitoring\mailmonitor.unittests\bin\debug\net8.0\mailmonitor.unittests.dll" id="193deadb-14b6-0846-3756-e75dd6dfd909">
      <Execution id="6bf39b15-11ea-4d58-a3f9-8349b27a0b79" />
      <TestMethod codeBase="C:\Users\jarig\source\repos\MasterMailMonitoring\MailMonitor.UnitTests\bin\Debug\net8.0\MailMonitor.UnitTests.dll" adapterTypeName="executor://xunit/VsTestRunner2/netcoreapp" className="MailMonitor.UnitTests.Domain.CompanyValidationTests" name="CreateValidated_ShouldNormalizeListsAndTrimFields" />
    </UnitTest>
    <UnitTest name="MailMonitor.UnitTests.Domain.GraphSettingValidationTests.Validate_ShouldSucceed_WhenAllRequiredFieldsArePresent" storage="c:\users\jarig\source\repos\mastermailmonitoring\mailmonitor.unittests\bin\debug\net8.0\mailmonitor.unittests.dll" id="a47c8102-6a6a-0b7e-3a6e-00b34c05bd61">
      <Execution id="67d687ea-5c59-4f34-8d6f-0bf2f1218760" />
      <TestMethod codeBase="C:\Users\jarig\source\repos\MasterMailMonitoring\MailMonitor.UnitTests\bin\Debug\net8.0\MailMonitor.UnitTests.dll" adapterTypeName="executor://xunit/VsTestRunner2/netcoreapp" className="MailMonitor.UnitTests.Domain.GraphSettingValidationTests" name="Validate_ShouldSucceed_WhenAllRequiredFieldsArePresent" />
    </UnitTest>
    <UnitTest name="MailMonitor.UnitTests.Domain.GraphSettingValidationTests.SetScopes_ShouldNormalizeAndDeduplicateValues" storage="c:\users\jarig\source\repos\mastermailmonitoring\mailmonitor.unittests\bin\debug\net8.0\mailmonitor.unittests.dll" id="065081dc-2ef0-a9f2-36f8-4aeb4e55292d">
      <Execution id="6323771a-31e7-4ae2-88c5-49eb7c904ac0" />
      <TestMethod codeBase="C:\Users\jarig\source\repos\MasterMailMonitoring\MailMonitor.UnitTests\bin\Debug\net8.0\MailMonitor.UnitTests.dll" adapterTypeName="executor://xunit/VsTestRunner2/netcoreapp" className="MailMonitor.UnitTests.Domain.GraphSettingValidationTests" name="SetScopes_ShouldNormalizeAndDeduplicateValues" />
    </UnitTest>
    <UnitTest name="MailMonitor.UnitTests.Infrastructure.AttachmentStorageSanitizationTests.StoreFile_ShouldSanitizeSubjectAndFileName_AndKeepPathUnderBaseFolder" storage="c:\users\jarig\source\repos\mastermailmonitoring\mailmonitor.unittests\bin\debug\net8.0\mailmonitor.unittests.dll" id="b23c301a-30dd-0b29-540b-7478f8e1b3c0">
      <Execution id="9e31abb9-1cc4-42f5-bfce-ab8cf7fde530" />
      <TestMethod codeBase="C:\Users\jarig\source\repos\MasterMailMonitoring\MailMonitor.UnitTests\bin\Debug\net8.0\MailMonitor.UnitTests.dll" adapterTypeName="executor://xunit/VsTestRunner2/netcoreapp" className="MailMonitor.UnitTests.Infrastructure.AttachmentStorageSanitizationTests" name="StoreFile_ShouldSanitizeSubjectAndFileName_AndKeepPathUnderBaseFolder" />
    </UnitTest>
    <UnitTest name="MailMonitor.UnitTests.Infrastructure.AttachmentStorageSanitizationTests.StoreFile_ShouldUseNoSubjectDirectory_WhenSubjectIsEmpty" storage="c:\users\jarig\source\repos\mastermailmonitoring\mailmonitor.unittests\bin\debug\net8.0\mailmonitor.unittests.dll" id="2a616e8c-22a2-cae8-dcac-01d5f8de8010">
      <Execution id="55326d3d-1e4a-469f-8819-eb6a0a0f5213" />
      <TestMethod codeBase="C:\Users\jarig\source\repos\MasterMailMonitoring\MailMonitor.UnitTests\bin\Debug\net8.0\MailMonitor.UnitTests.dll" adapterTypeName="executor://xunit/VsTestRunner2/netcoreapp" className="MailMonitor.UnitTests.Infrastructure.AttachmentStorageSanitizationTests" name="StoreFile_ShouldUseNoSubjectDirectory_WhenSubjectIsEmpty" />
    </UnitTest>
  </TestDefinitions>
  <TestEntries>
    <TestEntry testId="2d37f6cf-23ac-04e9-d8da-d82d83b7daf4" executionId="4c2b501d-aad6-4af2-a696-4820c1790682" testListId="8c84fa94-04c1-424b-9868-57a2d4851a1d" />
    <TestEntry testId="2f177721-a043-b6e8-6c60-34bf87707798" executionId="e282c259-8568-4089-8456-420dfcb8cac4" testListId="8c84fa94-04c1-424b-9868-57a2d4851a1d" />
    <TestEntry testId="07582dd2-2dd1-14d2-3b3b-6d831995e9ec" executionId="d0e8be3c-2f56-4a37-a67d-6511ba1cbe8e" testListId="8c84fa94-04c1-424b-9868-57a2d4851a1d" />
    <TestEntry testId="501c5e39-3e84-c6a8-3468-667e93ae91fb" executionId="d16f9c99-5963-4b24-a5b8-f9659b32725e" testListId="8c84fa94-04c1-424b-9868-57a2d4851a1d" />
    <TestEntry testId="193deadb-14b6-0846-3756-e75dd6dfd909" executionId="6bf39b15-11ea-4d58-a3f9-8349b27a0b79" testListId="8c84fa94-04c1-424b-9868-57a2d4851a1d" />
    <TestEntry testId="b23c301a-30dd-0b29-540b-7478f8e1b3c0" executionId="9e31abb9-1cc4-42f5-bfce-ab8cf7fde530" testListId="8c84fa94-04c1-424b-9868-57a2d4851a1d" />
    <TestEntry testId="e183be1d-ff9c-d435-7079-d53b621811a8" executionId="241b9da2-01aa-4c5b-b0b0-eb0d0bc0aadb" testListId="8c84fa94-04c1-424b-9868-57a2d4851a1d" />
    <TestEntry testId="93cdc64f-f411-dc3e-2a81-4e2e7e461fb5" executionId="91e1acf7-f28d-421f-8f3e-bb992a6e32fd" testListId="8c84fa94-04c1-424b-9868-57a2d4851a1d" />
    <TestEntry testId="c1f9de97-81b1-af75-9725-c048648a378b" executionId="4e0bb7b0-7d1f-4a5d-b63e-1971e520d247" testListId="8c84fa94-04c1-424b-9868-57a2d4851a1d" />
    <TestEntry testId="065081dc-2ef0-a9f2-36f8-4aeb4e55292d" executionId="6323771a-31e7-4ae2-88c5-49eb7c904ac0" testListId="8c84fa94-04c1-424b-9868-57a2d4851a1d" />
    <TestEntry testId="63826db0-e19a-a1be-f1db-f89e79295747" executionId="7c095774-f25b-45bf-9555-ec4bccf92047" testListId="8c84fa94-04c1-424b-9868-57a2d4851a1d" />
    <TestEntry testId="52e16965-bee5-9cbf-506e-fd274f4821a6" executionId="ef488b69-519c-4260-ad54-92acc54dd5ec" testListId="8c84fa94-04c1-424b-9868-57a2d4851a1d" />
    <TestEntry testId="a47c8102-6a6a-0b7e-3a6e-00b34c05bd61" executionId="67d687ea-5c59-4f34-8d6f-0bf2f1218760" testListId="8c84fa94-04c1-424b-9868-57a2d4851a1d" />
    <TestEntry testId="56721eae-11d1-8edc-34ab-b03833e27774" executionId="45c77532-424f-4677-8a37-d6d9991cf546" testListId="8c84fa94-04c1-424b-9868-57a2d4851a1d" />
    <TestEntry testId="cf49aacc-4629-bae2-7c81-fe28a5695b65" executionId="ab049478-7ad9-4eb6-b34b-a483863c7b8a" testListId="8c84fa94-04c1-424b-9868-57a2d4851a1d" />
    <TestEntry testId="2a616e8c-22a2-cae8-dcac-01d5f8de8010" executionId="55326d3d-1e4a-469f-8819-eb6a0a0f5213" testListId="8c84fa94-04c1-424b-9868-57a2d4851a1d" />
    <TestEntry testId="500f2251-e8b8-be45-8d6d-8563e207803c" executionId="54134287-9ba5-423e-b5fa-62fe9e64ffad" testListId="8c84fa94-04c1-424b-9868-57a2d4851a1d" />
  </TestEntries>
  <TestLists>
    <TestList name="Resultados sin formato de lista" id="8c84fa94-04c1-424b-9868-57a2d4851a1d" />
    <TestList name="Todos los resultados cargados" id="19431567-8539-422a-85d7-44ee4e166bda" />
  </TestLists>
  <ResultSummary outcome="Completed">
    <Counters total="17" executed="17" passed="17" failed="0" error="0" timeout="0" aborted="0" inconclusive="0" passedButRunAborted="0" notRunnable="0" notExecuted="0" disconnected="0" warning="0" completed="0" inProgress="0" pending="0" />
    <Output>
      <StdOut>[xUnit.net 00:00:00.00] xUnit.net VSTest Adapter v2.5.3.1+6b60a9e56a (64-bit .NET 8.0.25)&#xD;
[xUnit.net 00:00:00.19]   Discovering: MailMonitor.UnitTests&#xD;
[xUnit.net 00:00:00.28]   Discovered:  MailMonitor.UnitTests&#xD;
[xUnit.net 00:00:00.28]   Starting:    MailMonitor.UnitTests&#xD;
[xUnit.net 00:00:00.84]   Finished:    MailMonitor.UnitTests&#xD;
</StdOut>
    </Output>
  </ResultSummary>
</TestRun>