<?xml version="1.0" encoding="utf-8"?>
<TestRun id="e8e83858-e711-40d7-be57-6a3f2ca5ddff" name="jarig@ETERNALS 2026-03-30 00:21:18" runUser="ETERNALS\jarig" xmlns="http://microsoft.com/schemas/VisualStudio/TeamTest/2010">
  <Times creation="2026-03-30T00:21:18.0529612-05:00" queuing="2026-03-30T00:21:18.0529613-05:00" start="2026-03-30T00:21:14.4712844-05:00" finish="2026-03-30T00:21:18.3817250-05:00" />
  <TestSettings name="default" id="c9f3cb0b-ff0d-4239-87d9-5d6c8f7c32ff">
    <Deployment runDeploymentRoot="jarig_ETERNALS_2026-03-30_00_21_18" />
  </TestSettings>
  <Results>
    <UnitTestResult executionId="0da1234f-7c5f-437c-8dcc-ba162fb0e363" testId="93cdc64f-f411-dc3e-2a81-4e2e7e461fb5" testName="MailMonitor.UnitTests.Domain.GraphSettingValidationTests.Validate_ShouldFail_WhenScopesJsonIsInvalid" computerName="ETERNALS" duration="00:00:00.0132461" startTime="2026-03-30T00:21:18.0857816-05:00" endTime="2026-03-30T00:21:18.0857819-05:00" testType="13cdc9d9-ddb5-4fa4-a97d-d965ccfc6d4b" outcome="Passed" testListId="8c84fa94-04c1-424b-9868-57a2d4851a1d" relativeResultsDirectory="0da1234f-7c5f-437c-8dcc-ba162fb0e363" />
    <UnitTestResult executionId="b853d8ef-d44a-4d32-964a-68848713d551" testId="2f177721-a043-b6e8-6c60-34bf87707798" testName="MailMonitor.UnitTests.Domain.GraphSettingValidationTests.Validate_ShouldFail_WhenInstanceIsEmpty" computerName="ETERNALS" duration="00:00:00.0013859" startTime="2026-03-30T00:21:18.0709067-05:00" endTime="2026-03-30T00:21:18.0709072-05:00" testType="13cdc9d9-ddb5-4fa4-a97d-d965ccfc6d4b" outcome="Passed" testListId="8c84fa94-04c1-424b-9868-57a2d4851a1d" relativeResultsDirectory="b853d8ef-d44a-4d32-964a-68848713d551" />
    <UnitTestResult executionId="97b40dd4-9bd6-464f-a00f-5cdc57c64b10" testId="52e16965-bee5-9cbf-506e-fd274f4821a6" testName="MailMonitor.UnitTests.Domain.CompanyValidationTests.RegisterProcessedEmail_ShouldFail_WhenAttachmentsCountIsNegative" computerName="ETERNALS" duration="00:00:00.0010750" startTime="2026-03-30T00:21:17.6220308-05:00" endTime="2026-03-30T00:21:17.6220309-05:00" testType="13cdc9d9-ddb5-4fa4-a97d-d965ccfc6d4b" outcome="Passed" testListId="8c84fa94-04c1-424b-9868-57a2d4851a1d" relativeResultsDirectory="97b40dd4-9bd6-464f-a00f-5cdc57c64b10" />
    <UnitTestResult executionId="3c3e0741-6d1f-47d1-a114-26ba4e0af6d4" testId="2a616e8c-22a2-cae8-dcac-01d5f8de8010" testName="MailMonitor.UnitTests.Infrastructure.AttachmentStorageSanitizationTests.StoreFile_ShouldUseNoSubjectDirectory_WhenSubjectIsEmpty" computerName="ETERNALS" duration="00:00:00.0132744" startTime="2026-03-30T00:21:17.9533449-05:00" endTime="2026-03-30T00:21:17.9533454-05:00" testType="13cdc9d9-ddb5-4fa4-a97d-d965ccfc6d4b" outcome="Passed" testListId="8c84fa94-04c1-424b-9868-57a2d4851a1d" relativeResultsDirectory="3c3e0741-6d1f-47d1-a114-26ba4e0af6d4" />
    <UnitTestResult executionId="2083529e-04c7-475a-8cae-869319dd8d86" testId="193deadb-14b6-0846-3756-e75dd6dfd909" testName="MailMonitor.UnitTests.Domain.CompanyValidationTests.CreateValidated_ShouldNormalizeListsAndTrimFields" computerName="ETERNALS" duration="00:00:00.0242908" startTime="2026-03-30T00:21:17.6221172-05:00" endTime="2026-03-30T00:21:17.6221173-05:00" testType="13cdc9d9-ddb5-4fa4-a97d-d965ccfc6d4b" outcome="Passed" testListId="8c84fa94-04c1-424b-9868-57a2d4851a1d" relativeResultsDirectory="2083529e-04c7-475a-8cae-869319dd8d86" />
    <UnitTestResult executionId="d189722c-7c3f-440b-8e31-4fbc6dfe80f3" testId="63826db0-e19a-a1be-f1db-f89e79295747" testName="MailMonitor.UnitTests.Domain.CompanyValidationTests.CreateValidated_ShouldFail_WhenNameIsEmpty" computerName="ETERNALS" duration="00:00:00.0132222" startTime="2026-03-30T00:21:17.5420461-05:00" endTime="2026-03-30T00:21:17.5420838-05:00" testType="13cdc9d9-ddb5-4fa4-a97d-d965ccfc6d4b" outcome="Passed" testListId="8c84fa94-04c1-424b-9868-57a2d4851a1d" relativeResultsDirectory="d189722c-7c3f-440b-8e31-4fbc6dfe80f3" />
    <UnitTestResult executionId="780610f8-2b7e-47d8-8f2b-27a6364463cb" testId="065081dc-2ef0-a9f2-36f8-4aeb4e55292d" testName="MailMonitor.UnitTests.Domain.GraphSettingValidationTests.SetScopes_ShouldNormalizeAndDeduplicateValues" computerName="ETERNALS" duration="00:00:00.5686975" startTime="2026-03-30T00:21:18.0692772-05:00" endTime="2026-03-30T00:21:18.0692774-05:00" testType="13cdc9d9-ddb5-4fa4-a97d-d965ccfc6d4b" outcome="Passed" testListId="8c84fa94-04c1-424b-9868-57a2d4851a1d" relativeResultsDirectory="780610f8-2b7e-47d8-8f2b-27a6364463cb" />
    <UnitTestResult executionId="2d30375a-b1a4-4a10-bea4-d25f2fafe7c3" testId="cf49aacc-4629-bae2-7c81-fe28a5695b65" testName="MailMonitor.UnitTests.Worker.MessageFilterServiceTests.EvaluateMessage_ShouldContinue_WhenSubjectMatchesKeywordWithMixedSeparators" computerName="ETERNALS" duration="00:00:00.0056349" startTime="2026-03-30T00:21:17.9328924-05:00" endTime="2026-03-30T00:21:17.9328925-05:00" testType="13cdc9d9-ddb5-4fa4-a97d-d965ccfc6d4b" outcome="Passed" testListId="8c84fa94-04c1-424b-9868-57a2d4851a1d" relativeResultsDirectory="2d30375a-b1a4-4a10-bea4-d25f2fafe7c3" />
    <UnitTestResult executionId="e0e2d313-2bf5-4b01-b959-ada093fa56f1" testId="b23c301a-30dd-0b29-540b-7478f8e1b3c0" testName="MailMonitor.UnitTests.Infrastructure.AttachmentStorageSanitizationTests.StoreFile_ShouldSanitizeSubjectAndFileName_AndKeepPathUnderBaseFolder" computerName="ETERNALS" duration="00:00:00.4425112" startTime="2026-03-30T00:21:17.9407507-05:00" endTime="2026-03-30T00:21:17.9407510-05:00" testType="13cdc9d9-ddb5-4fa4-a97d-d965ccfc6d4b" outcome="Passed" testListId="8c84fa94-04c1-424b-9868-57a2d4851a1d" relativeResultsDirectory="e0e2d313-2bf5-4b01-b959-ada093fa56f1" />
    <UnitTestResult executionId="2de00226-b307-4241-9e87-0c3b41bda971" testId="07582dd2-2dd1-14d2-3b3b-6d831995e9ec" testName="MailMonitor.UnitTests.Domain.CompanyValidationTests.RegisterProcessedEmail_ShouldPersistProcessedMetadata" computerName="ETERNALS" duration="00:00:00.0224671" startTime="2026-03-30T00:21:17.6221909-05:00" endTime="2026-03-30T00:21:17.6221909-05:00" testType="13cdc9d9-ddb5-4fa4-a97d-d965ccfc6d4b" outcome="Passed" testListId="8c84fa94-04c1-424b-9868-57a2d4851a1d" relativeResultsDirectory="2de00226-b307-4241-9e87-0c3b41bda971" />
    <UnitTestResult executionId="473a5459-01d9-4c4e-9de7-6089c38508a4" testId="2d37f6cf-23ac-04e9-d8da-d82d83b7daf4" testName="MailMonitor.UnitTests.Worker.MessageFilterServiceTests.FilterAttachments_ShouldApplyExtensionAndKeywordFilters" computerName="ETERNALS" duration="00:00:00.0167144" startTime="2026-03-30T00:21:17.9327766-05:00" endTime="2026-03-30T00:21:17.9327767-05:00" testType="13cdc9d9-ddb5-4fa4-a97d-d965ccfc6d4b" outcome="Passed" testListId="8c84fa94-04c1-424b-9868-57a2d4851a1d" relativeResultsDirectory="473a5459-01d9-4c4e-9de7-6089c38508a4" />
    <UnitTestResult executionId="de0bf7fb-86f5-4ef6-a363-032567ae4364" testId="a47c8102-6a6a-0b7e-3a6e-00b34c05bd61" testName="MailMonitor.UnitTests.Domain.GraphSettingValidationTests.Validate_ShouldSucceed_WhenAllRequiredFieldsArePresent" computerName="ETERNALS" duration="00:00:00.0008988" startTime="2026-03-30T00:21:18.0721745-05:00" endTime="2026-03-30T00:21:18.0721749-05:00" testType="13cdc9d9-ddb5-4fa4-a97d-d965ccfc6d4b" outcome="Passed" testListId="8c84fa94-04c1-424b-9868-57a2d4851a1d" relativeResultsDirectory="de0bf7fb-86f5-4ef6-a363-032567ae4364" />
    <UnitTestResult executionId="0e9cf0ed-cc44-40e7-8b84-1809bfbeeb70" testId="c1f9de97-81b1-af75-9725-c048648a378b" testName="MailMonitor.UnitTests.Domain.CompanyValidationTests.RegisterProcessedEmail_ShouldFail_WhenSubjectIsEmpty" computerName="ETERNALS" duration="00:00:00.0015474" startTime="2026-03-30T00:21:17.6218904-05:00" endTime="2026-03-30T00:21:17.6218905-05:00" testType="13cdc9d9-ddb5-4fa4-a97d-d965ccfc6d4b" outcome="Passed" testListId="8c84fa94-04c1-424b-9868-57a2d4851a1d" relativeResultsDirectory="0e9cf0ed-cc44-40e7-8b84-1809bfbeeb70" />
    <UnitTestResult executionId="856d1890-bfdc-4abb-93e3-a71494859409" testId="56721eae-11d1-8edc-34ab-b03833e27774" testName="MailMonitor.UnitTests.Worker.MessageFilterServiceTests.EvaluateMessage_ShouldSkip_WhenMessageIdWasAlreadyProcessed" computerName="ETERNALS" duration="00:00:00.0059033" startTime="2026-03-30T00:21:17.9316363-05:00" endTime="2026-03-30T00:21:17.9316366-05:00" testType="13cdc9d9-ddb5-4fa4-a97d-d965ccfc6d4b" outcome="Passed" testListId="8c84fa94-04c1-424b-9868-57a2d4851a1d" relativeResultsDirectory="856d1890-bfdc-4abb-93e3-a71494859409" />
    <UnitTestResult executionId="5972b601-f2b8-427a-9458-7290bbcbd93b" testId="e183be1d-ff9c-d435-7079-d53b621811a8" testName="MailMonitor.UnitTests.Worker.MessageFilterServiceTests.FilterAttachments_ShouldOnlyApplyKeywordFilter_WhenNoExtensionsConfigured" computerName="ETERNALS" duration="00:00:00.2583356" startTime="2026-03-30T00:21:17.7538098-05:00" endTime="2026-03-30T00:21:17.7538101-05:00" testType="13cdc9d9-ddb5-4fa4-a97d-d965ccfc6d4b" outcome="Passed" testListId="8c84fa94-04c1-424b-9868-57a2d4851a1d" relativeResultsDirectory="5972b601-f2b8-427a-9458-7290bbcbd93b" />
    <UnitTestResult executionId="bfa149b8-a3c2-4e85-ae29-dd1f027908c9" testId="501c5e39-3e84-c6a8-3468-667e93ae91fb" testName="MailMonitor.UnitTests.Domain.CompanyValidationTests.CreateValidated_ShouldFail_WhenStartFromIsInvalid" computerName="ETERNALS" duration="00:00:00.0112493" startTime="2026-03-30T00:21:17.6205908-05:00" endTime="2026-03-30T00:21:17.6205908-05:00" testType="13cdc9d9-ddb5-4fa4-a97d-d965ccfc6d4b" outcome="Passed" testListId="8c84fa94-04c1-424b-9868-57a2d4851a1d" relativeResultsDirectory="bfa149b8-a3c2-4e85-ae29-dd1f027908c9" />
    <UnitTestResult executionId="4e417b05-59ee-4ff5-aa27-936af99f39d9" testId="500f2251-e8b8-be45-8d6d-8563e207803c" testName="MailMonitor.UnitTests.Worker.MessageFilterServiceTests.EvaluateMessage_ShouldSkip_WhenSubjectDoesNotMatchConfiguredKeywords" computerName="ETERNALS" duration="00:00:00.0007427" startTime="2026-03-30T00:21:17.9329571-05:00" endTime="2026-03-30T00:21:17.9329572-05:00" testType="13cdc9d9-ddb5-4fa4-a97d-d965ccfc6d4b" outcome="Passed" testListId="8c84fa94-04c1-424b-9868-57a2d4851a1d" relativeResultsDirectory="4e417b05-59ee-4ff5-aa27-936af99f39d9" />
  </Results>
  <TestDefinitions>
    <UnitTest name="MailMonitor.UnitTests.Domain.GraphSettingValidationTests.Validate_ShouldFail_WhenInstanceIsEmpty" storage="c:\users\jarig\source\repos\mastermailmonitoring\mailmonitor.unittests\bin\debug\net8.0\mailmonitor.unittests.dll" id="2f177721-a043-b6e8-6c60-34bf87707798">
      <Execution id="b853d8ef-d44a-4d32-964a-68848713d551" />
      <TestMethod codeBase="C:\Users\jarig\source\repos\MasterMailMonitoring\MailMonitor.UnitTests\bin\Debug\net8.0\MailMonitor.UnitTests.dll" adapterTypeName="executor://xunit/VsTestRunner2/netcoreapp" className="MailMonitor.UnitTests.Domain.GraphSettingValidationTests" name="Validate_ShouldFail_WhenInstanceIsEmpty" />
    </UnitTest>
    <UnitTest name="MailMonitor.UnitTests.Worker.MessageFilterServiceTests.EvaluateMessage_ShouldSkip_WhenSubjectDoesNotMatchConfiguredKeywords" storage="c:\users\jarig\source\repos\mastermailmonitoring\mailmonitor.unittests\bin\debug\net8.0\mailmonitor.unittests.dll" id="500f2251-e8b8-be45-8d6d-8563e207803c">
      <Execution id="4e417b05-59ee-4ff5-aa27-936af99f39d9" />
      <TestMethod codeBase="C:\Users\jarig\source\repos\MasterMailMonitoring\MailMonitor.UnitTests\bin\Debug\net8.0\MailMonitor.UnitTests.dll" adapterTypeName="executor://xunit/VsTestRunner2/netcoreapp" className="MailMonitor.UnitTests.Worker.MessageFilterServiceTests" name="EvaluateMessage_ShouldSkip_WhenSubjectDoesNotMatchConfiguredKeywords" />
    </UnitTest>
    <UnitTest name="MailMonitor.UnitTests.Worker.MessageFilterServiceTests.EvaluateMessage_ShouldSkip_WhenMessageIdWasAlreadyProcessed" storage="c:\users\jarig\source\repos\mastermailmonitoring\mailmonitor.unittests\bin\debug\net8.0\mailmonitor.unittests.dll" id="56721eae-11d1-8edc-34ab-b03833e27774">
      <Execution id="856d1890-bfdc-4abb-93e3-a71494859409" />
      <TestMethod codeBase="C:\Users\jarig\source\repos\MasterMailMonitoring\MailMonitor.UnitTests\bin\Debug\net8.0\MailMonitor.UnitTests.dll" adapterTypeName="executor://xunit/VsTestRunner2/netcoreapp" className="MailMonitor.UnitTests.Worker.MessageFilterServiceTests" name="EvaluateMessage_ShouldSkip_WhenMessageIdWasAlreadyProcessed" />
    </UnitTest>
    <UnitTest name="MailMonitor.UnitTests.Worker.MessageFilterServiceTests.FilterAttachments_ShouldOnlyApplyKeywordFilter_WhenNoExtensionsConfigured" storage="c:\users\jarig\source\repos\mastermailmonitoring\mailmonitor.unittests\bin\debug\net8.0\mailmonitor.unittests.dll" id="e183be1d-ff9c-d435-7079-d53b621811a8">
      <Execution id="5972b601-f2b8-427a-9458-7290bbcbd93b" />
      <TestMethod codeBase="C:\Users\jarig\source\repos\MasterMailMonitoring\MailMonitor.UnitTests\bin\Debug\net8.0\MailMonitor.UnitTests.dll" adapterTypeName="executor://xunit/VsTestRunner2/netcoreapp" className="MailMonitor.UnitTests.Worker.MessageFilterServiceTests" name="FilterAttachments_ShouldOnlyApplyKeywordFilter_WhenNoExtensionsConfigured" />
    </UnitTest>
    <UnitTest name="MailMonitor.UnitTests.Domain.CompanyValidationTests.RegisterProcessedEmail_ShouldFail_WhenAttachmentsCountIsNegative" storage="c:\users\jarig\source\repos\mastermailmonitoring\mailmonitor.unittests\bin\debug\net8.0\mailmonitor.unittests.dll" id="52e16965-bee5-9cbf-506e-fd274f4821a6">
      <Execution id="97b40dd4-9bd6-464f-a00f-5cdc57c64b10" />
      <TestMethod codeBase="C:\Users\jarig\source\repos\MasterMailMonitoring\MailMonitor.UnitTests\bin\Debug\net8.0\MailMonitor.UnitTests.dll" adapterTypeName="executor://xunit/VsTestRunner2/netcoreapp" className="MailMonitor.UnitTests.Domain.CompanyValidationTests" name="RegisterProcessedEmail_ShouldFail_WhenAttachmentsCountIsNegative" />
    </UnitTest>
    <UnitTest name="MailMonitor.UnitTests.Domain.CompanyValidationTests.CreateValidated_ShouldFail_WhenNameIsEmpty" storage="c:\users\jarig\source\repos\mastermailmonitoring\mailmonitor.unittests\bin\debug\net8.0\mailmonitor.unittests.dll" id="63826db0-e19a-a1be-f1db-f89e79295747">
      <Execution id="d189722c-7c3f-440b-8e31-4fbc6dfe80f3" />
      <TestMethod codeBase="C:\Users\jarig\source\repos\MasterMailMonitoring\MailMonitor.UnitTests\bin\Debug\net8.0\MailMonitor.UnitTests.dll" adapterTypeName="executor://xunit/VsTestRunner2/netcoreapp" className="MailMonitor.UnitTests.Domain.CompanyValidationTests" name="CreateValidated_ShouldFail_WhenNameIsEmpty" />
    </UnitTest>
    <UnitTest name="MailMonitor.UnitTests.Domain.CompanyValidationTests.RegisterProcessedEmail_ShouldPersistProcessedMetadata" storage="c:\users\jarig\source\repos\mastermailmonitoring\mailmonitor.unittests\bin\debug\net8.0\mailmonitor.unittests.dll" id="07582dd2-2dd1-14d2-3b3b-6d831995e9ec">
      <Execution id="2de00226-b307-4241-9e87-0c3b41bda971" />
      <TestMethod codeBase="C:\Users\jarig\source\repos\MasterMailMonitoring\MailMonitor.UnitTests\bin\Debug\net8.0\MailMonitor.UnitTests.dll" adapterTypeName="executor://xunit/VsTestRunner2/netcoreapp" className="MailMonitor.UnitTests.Domain.CompanyValidationTests" name="RegisterProcessedEmail_ShouldPersistProcessedMetadata" />
    </UnitTest>
    <UnitTest name="MailMonitor.UnitTests.Domain.GraphSettingValidationTests.Validate_ShouldFail_WhenScopesJsonIsInvalid" storage="c:\users\jarig\source\repos\mastermailmonitoring\mailmonitor.unittests\bin\debug\net8.0\mailmonitor.unittests.dll" id="93cdc64f-f411-dc3e-2a81-4e2e7e461fb5">
      <Execution id="0da1234f-7c5f-437c-8dcc-ba162fb0e363" />
      <TestMethod codeBase="C:\Users\jarig\source\repos\MasterMailMonitoring\MailMonitor.UnitTests\bin\Debug\net8.0\MailMonitor.UnitTests.dll" adapterTypeName="executor://xunit/VsTestRunner2/netcoreapp" className="MailMonitor.UnitTests.Domain.GraphSettingValidationTests" name="Validate_ShouldFail_WhenScopesJsonIsInvalid" />
    </UnitTest>
    <UnitTest name="MailMonitor.UnitTests.Domain.CompanyValidationTests.CreateValidated_ShouldFail_WhenStartFromIsInvalid" storage="c:\users\jarig\source\repos\mastermailmonitoring\mailmonitor.unittests\bin\debug\net8.0\mailmonitor.unittests.dll" id="501c5e39-3e84-c6a8-3468-667e93ae91fb">
      <Execution id="bfa149b8-a3c2-4e85-ae29-dd1f027908c9" />
      <TestMethod codeBase="C:\Users\jarig\source\repos\MasterMailMonitoring\MailMonitor.UnitTests\bin\Debug\net8.0\MailMonitor.UnitTests.dll" adapterTypeName="executor://xunit/VsTestRunner2/netcoreapp" className="MailMonitor.UnitTests.Domain.CompanyValidationTests" name="CreateValidated_ShouldFail_WhenStartFromIsInvalid" />
    </UnitTest>
    <UnitTest name="MailMonitor.UnitTests.Domain.CompanyValidationTests.RegisterProcessedEmail_ShouldFail_WhenSubjectIsEmpty" storage="c:\users\jarig\source\repos\mastermailmonitoring\mailmonitor.unittests\bin\debug\net8.0\mailmonitor.unittests.dll" id="c1f9de97-81b1-af75-9725-c048648a378b">
      <Execution id="0e9cf0ed-cc44-40e7-8b84-1809bfbeeb70" />
      <TestMethod codeBase="C:\Users\jarig\source\repos\MasterMailMonitoring\MailMonitor.UnitTests\bin\Debug\net8.0\MailMonitor.UnitTests.dll" adapterTypeName="executor://xunit/VsTestRunner2/netcoreapp" className="MailMonitor.UnitTests.Domain.CompanyValidationTests" name="RegisterProcessedEmail_ShouldFail_WhenSubjectIsEmpty" />
    </UnitTest>
    <UnitTest name="MailMonitor.UnitTests.Worker.MessageFilterServiceTests.EvaluateMessage_ShouldContinue_WhenSubjectMatchesKeywordWithMixedSeparators" storage="c:\users\jarig\source\repos\mastermailmonitoring\mailmonitor.unittests\bin\debug\net8.0\mailmonitor.unittests.dll" id="cf49aacc-4629-bae2-7c81-fe28a5695b65">
      <Execution id="2d30375a-b1a4-4a10-bea4-d25f2fafe7c3" />
      <TestMethod codeBase="C:\Users\jarig\source\repos\MasterMailMonitoring\MailMonitor.UnitTests\bin\Debug\net8.0\MailMonitor.UnitTests.dll" adapterTypeName="executor://xunit/VsTestRunner2/netcoreapp" className="MailMonitor.UnitTests.Worker.MessageFilterServiceTests" name="EvaluateMessage_ShouldContinue_WhenSubjectMatchesKeywordWithMixedSeparators" />
    </UnitTest>
    <UnitTest name="MailMonitor.UnitTests.Worker.MessageFilterServiceTests.FilterAttachments_ShouldApplyExtensionAndKeywordFilters" storage="c:\users\jarig\source\repos\mastermailmonitoring\mailmonitor.unittests\bin\debug\net8.0\mailmonitor.unittests.dll" id="2d37f6cf-23ac-04e9-d8da-d82d83b7daf4">
      <Execution id="473a5459-01d9-4c4e-9de7-6089c38508a4" />
      <TestMethod codeBase="C:\Users\jarig\source\repos\MasterMailMonitoring\MailMonitor.UnitTests\bin\Debug\net8.0\MailMonitor.UnitTests.dll" adapterTypeName="executor://xunit/VsTestRunner2/netcoreapp" className="MailMonitor.UnitTests.Worker.MessageFilterServiceTests" name="FilterAttachments_ShouldApplyExtensionAndKeywordFilters" />
    </UnitTest>
    <UnitTest name="MailMonitor.UnitTests.Domain.CompanyValidationTests.CreateValidated_ShouldNormalizeListsAndTrimFields" storage="c:\users\jarig\source\repos\mastermailmonitoring\mailmonitor.unittests\bin\debug\net8.0\mailmonitor.unittests.dll" id="193deadb-14b6-0846-3756-e75dd6dfd909">
      <Execution id="2083529e-04c7-475a-8cae-869319dd8d86" />
      <TestMethod codeBase="C:\Users\jarig\source\repos\MasterMailMonitoring\MailMonitor.UnitTests\bin\Debug\net8.0\MailMonitor.UnitTests.dll" adapterTypeName="executor://xunit/VsTestRunner2/netcoreapp" className="MailMonitor.UnitTests.Domain.CompanyValidationTests" name="CreateValidated_ShouldNormalizeListsAndTrimFields" />
    </UnitTest>
    <UnitTest name="MailMonitor.UnitTests.Domain.GraphSettingValidationTests.Validate_ShouldSucceed_WhenAllRequiredFieldsArePresent" storage="c:\users\jarig\source\repos\mastermailmonitoring\mailmonitor.unittests\bin\debug\net8.0\mailmonitor.unittests.dll" id="a47c8102-6a6a-0b7e-3a6e-00b34c05bd61">
      <Execution id="de0bf7fb-86f5-4ef6-a363-032567ae4364" />
      <TestMethod codeBase="C:\Users\jarig\source\repos\MasterMailMonitoring\MailMonitor.UnitTests\bin\Debug\net8.0\MailMonitor.UnitTests.dll" adapterTypeName="executor://xunit/VsTestRunner2/netcoreapp" className="MailMonitor.UnitTests.Domain.GraphSettingValidationTests" name="Validate_ShouldSucceed_WhenAllRequiredFieldsArePresent" />
    </UnitTest>
    <UnitTest name="MailMonitor.UnitTests.Domain.GraphSettingValidationTests.SetScopes_ShouldNormalizeAndDeduplicateValues" storage="c:\users\jarig\source\repos\mastermailmonitoring\mailmonitor.unittests\bin\debug\net8.0\mailmonitor.unittests.dll" id="065081dc-2ef0-a9f2-36f8-4aeb4e55292d">
      <Execution id="780610f8-2b7e-47d8-8f2b-27a6364463cb" />
      <TestMethod codeBase="C:\Users\jarig\source\repos\MasterMailMonitoring\MailMonitor.UnitTests\bin\Debug\net8.0\MailMonitor.UnitTests.dll" adapterTypeName="executor://xunit/VsTestRunner2/netcoreapp" className="MailMonitor.UnitTests.Domain.GraphSettingValidationTests" name="SetScopes_ShouldNormalizeAndDeduplicateValues" />
    </UnitTest>
    <UnitTest name="MailMonitor.UnitTests.Infrastructure.AttachmentStorageSanitizationTests.StoreFile_ShouldSanitizeSubjectAndFileName_AndKeepPathUnderBaseFolder" storage="c:\users\jarig\source\repos\mastermailmonitoring\mailmonitor.unittests\bin\debug\net8.0\mailmonitor.unittests.dll" id="b23c301a-30dd-0b29-540b-7478f8e1b3c0">
      <Execution id="e0e2d313-2bf5-4b01-b959-ada093fa56f1" />
      <TestMethod codeBase="C:\Users\jarig\source\repos\MasterMailMonitoring\MailMonitor.UnitTests\bin\Debug\net8.0\MailMonitor.UnitTests.dll" adapterTypeName="executor://xunit/VsTestRunner2/netcoreapp" className="MailMonitor.UnitTests.Infrastructure.AttachmentStorageSanitizationTests" name="StoreFile_ShouldSanitizeSubjectAndFileName_AndKeepPathUnderBaseFolder" />
    </UnitTest>
    <UnitTest name="MailMonitor.UnitTests.Infrastructure.AttachmentStorageSanitizationTests.StoreFile_ShouldUseNoSubjectDirectory_WhenSubjectIsEmpty" storage="c:\users\jarig\source\repos\mastermailmonitoring\mailmonitor.unittests\bin\debug\net8.0\mailmonitor.unittests.dll" id="2a616e8c-22a2-cae8-dcac-01d5f8de8010">
      <Execution id="3c3e0741-6d1f-47d1-a114-26ba4e0af6d4" />
      <TestMethod codeBase="C:\Users\jarig\source\repos\MasterMailMonitoring\MailMonitor.UnitTests\bin\Debug\net8.0\MailMonitor.UnitTests.dll" adapterTypeName="executor://xunit/VsTestRunner2/netcoreapp" className="MailMonitor.UnitTests.Infrastructure.AttachmentStorageSanitizationTests" name="StoreFile_ShouldUseNoSubjectDirectory_WhenSubjectIsEmpty" />
    </UnitTest>
  </TestDefinitions>
  <TestEntries>
    <TestEntry testId="93cdc64f-f411-dc3e-2a81-4e2e7e461fb5" executionId="0da1234f-7c5f-437c-8dcc-ba162fb0e363" testListId="8c84fa94-04c1-424b-9868-57a2d4851a1d" />
    <TestEntry testId="2f177721-a043-b6e8-6c60-34bf87707798" executionId="b853d8ef-d44a-4d32-964a-68848713d551" testListId="8c84fa94-04c1-424b-9868-57a2d4851a1d" />
    <TestEntry testId="52e16965-bee5-9cbf-506e-fd274f4821a6" executionId="97b40dd4-9bd6-464f-a00f-5cdc57c64b10" testListId="8c84fa94-04c1-424b-9868-57a2d4851a1d" />
    <TestEntry testId="2a616e8c-22a2-cae8-dcac-01d5f8de8010" executionId="3c3e0741-6d1f-47d1-a114-26ba4e0af6d4" testListId="8c84fa94-04c1-424b-9868-57a2d4851a1d" />
    <TestEntry testId="193deadb-14b6-0846-3756-e75dd6dfd909" executionId="2083529e-04c7-475a-8cae-869319dd8d86" testListId="8c84fa94-04c1-424b-9868-57a2d4851a1d" />
    <TestEntry testId="63826db0-e19a-a1be-f1db-f89e79295747" executionId="d189722c-7c3f-440b-8e31-4fbc6dfe80f3" testListId="8c84fa94-04c1-424b-9868-57a2d4851a1d" />
    <TestEntry testId="065081dc-2ef0-a9f2-36f8-4aeb4e55292d" executionId="780610f8-2b7e-47d8-8f2b-27a6364463cb" testListId="8c84fa94-04c1-424b-9868-57a2d4851a1d" />
    <TestEntry testId="cf49aacc-4629-bae2-7c81-fe28a5695b65" executionId="2d30375a-b1a4-4a10-bea4-d25f2fafe7c3" testListId="8c84fa94-04c1-424b-9868-57a2d4851a1d" />
    <TestEntry testId="b23c301a-30dd-0b29-540b-7478f8e1b3c0" executionId="e0e2d313-2bf5-4b01-b959-ada093fa56f1" testListId="8c84fa94-04c1-424b-9868-57a2d4851a1d" />
    <TestEntry testId="07582dd2-2dd1-14d2-3b3b-6d831995e9ec" executionId="2de00226-b307-4241-9e87-0c3b41bda971" testListId="8c84fa94-04c1-424b-9868-57a2d4851a1d" />
    <TestEntry testId="2d37f6cf-23ac-04e9-d8da-d82d83b7daf4" executionId="473a5459-01d9-4c4e-9de7-6089c38508a4" testListId="8c84fa94-04c1-424b-9868-57a2d4851a1d" />
    <TestEntry testId="a47c8102-6a6a-0b7e-3a6e-00b34c05bd61" executionId="de0bf7fb-86f5-4ef6-a363-032567ae4364" testListId="8c84fa94-04c1-424b-9868-57a2d4851a1d" />
    <TestEntry testId="c1f9de97-81b1-af75-9725-c048648a378b" executionId="0e9cf0ed-cc44-40e7-8b84-1809bfbeeb70" testListId="8c84fa94-04c1-424b-9868-57a2d4851a1d" />
    <TestEntry testId="56721eae-11d1-8edc-34ab-b03833e27774" executionId="856d1890-bfdc-4abb-93e3-a71494859409" testListId="8c84fa94-04c1-424b-9868-57a2d4851a1d" />
    <TestEntry testId="e183be1d-ff9c-d435-7079-d53b621811a8" executionId="5972b601-f2b8-427a-9458-7290bbcbd93b" testListId="8c84fa94-04c1-424b-9868-57a2d4851a1d" />
    <TestEntry testId="501c5e39-3e84-c6a8-3468-667e93ae91fb" executionId="bfa149b8-a3c2-4e85-ae29-dd1f027908c9" testListId="8c84fa94-04c1-424b-9868-57a2d4851a1d" />
    <TestEntry testId="500f2251-e8b8-be45-8d6d-8563e207803c" executionId="4e417b05-59ee-4ff5-aa27-936af99f39d9" testListId="8c84fa94-04c1-424b-9868-57a2d4851a1d" />
  </TestEntries>
  <TestLists>
    <TestList name="Resultados sin formato de lista" id="8c84fa94-04c1-424b-9868-57a2d4851a1d" />
    <TestList name="Todos los resultados cargados" id="19431567-8539-422a-85d7-44ee4e166bda" />
  </TestLists>
  <ResultSummary outcome="Completed">
    <Counters total="17" executed="17" passed="17" failed="0" error="0" timeout="0" aborted="0" inconclusive="0" passedButRunAborted="0" notRunnable="0" notExecuted="0" disconnected="0" warning="0" completed="0" inProgress="0" pending="0" />
    <Output>
      <StdOut>[xUnit.net 00:00:00.00] xUnit.net VSTest Adapter v2.5.3.1+6b60a9e56a (64-bit .NET 8.0.25)&#xD;
[xUnit.net 00:00:00.23]   Discovering: MailMonitor.UnitTests&#xD;
[xUnit.net 00:00:00.35]   Discovered:  MailMonitor.UnitTests&#xD;
[xUnit.net 00:00:00.35]   Starting:    MailMonitor.UnitTests&#xD;
[xUnit.net 00:00:01.35]   Finished:    MailMonitor.UnitTests&#xD;
</StdOut>
    </Output>
  </ResultSummary>
</TestRun>