<?xml version="1.0" encoding="utf-8"?>
<TestRun id="4f86e6bb-2c46-4826-9bdb-3e682bf59139" name="jarig@ETERNALS 2026-03-29 23:26:40" runUser="ETERNALS\jarig" xmlns="http://microsoft.com/schemas/VisualStudio/TeamTest/2010">
  <Times creation="2026-03-29T23:26:40.8162279-05:00" queuing="2026-03-29T23:26:40.8162284-05:00" start="2026-03-29T23:26:36.1056731-05:00" finish="2026-03-29T23:26:42.7471653-05:00" />
  <TestSettings name="default" id="ba338217-ea83-4a05-b2fe-d8671eb4fd74">
    <Deployment runDeploymentRoot="jarig_ETERNALS_2026-03-29_23_26_40" />
  </TestSettings>
  <Results>
    <UnitTestResult executionId="9be2877d-d9e5-4fcd-b6cb-1d9ada0e8a49" testId="93cdc64f-f411-dc3e-2a81-4e2e7e461fb5" testName="MailMonitor.UnitTests.Domain.GraphSettingValidationTests.Validate_ShouldFail_WhenScopesJsonIsInvalid" computerName="ETERNALS" duration="00:00:00.0246986" startTime="2026-03-29T23:26:40.7268685-05:00" endTime="2026-03-29T23:26:40.7268690-05:00" testType="13cdc9d9-ddb5-4fa4-a97d-d965ccfc6d4b" outcome="Passed" testListId="8c84fa94-04c1-424b-9868-57a2d4851a1d" relativeResultsDirectory="9be2877d-d9e5-4fcd-b6cb-1d9ada0e8a49" />
    <UnitTestResult executionId="05fb3017-39ff-4e89-810f-04098e02c137" testId="52e16965-bee5-9cbf-506e-fd274f4821a6" testName="MailMonitor.UnitTests.Domain.CompanyValidationTests.RegisterProcessedEmail_ShouldFail_WhenAttachmentsCountIsNegative" computerName="ETERNALS" duration="00:00:00.0003089" startTime="2026-03-29T23:26:40.2471919-05:00" endTime="2026-03-29T23:26:40.2471923-05:00" testType="13cdc9d9-ddb5-4fa4-a97d-d965ccfc6d4b" outcome="Passed" testListId="8c84fa94-04c1-424b-9868-57a2d4851a1d" relativeResultsDirectory="05fb3017-39ff-4e89-810f-04098e02c137" />
    <UnitTestResult executionId="30b02635-b76f-4feb-8bc0-9289dbd5e0d0" testId="2d37f6cf-23ac-04e9-d8da-d82d83b7daf4" testName="MailMonitor.UnitTests.Worker.MessageFilterServiceTests.FilterAttachments_ShouldApplyExtensionAndKeywordFilters" computerName="ETERNALS" duration="00:00:00.0050907" startTime="2026-03-29T23:26:41.4134175-05:00" endTime="2026-03-29T23:26:41.4134180-05:00" testType="13cdc9d9-ddb5-4fa4-a97d-d965ccfc6d4b" outcome="Passed" testListId="8c84fa94-04c1-424b-9868-57a2d4851a1d" relativeResultsDirectory="30b02635-b76f-4feb-8bc0-9289dbd5e0d0" />
    <UnitTestResult executionId="e689264b-b825-4f81-afed-bef3e07ef4f7" testId="b23c301a-30dd-0b29-540b-7478f8e1b3c0" testName="MailMonitor.UnitTests.Infrastructure.AttachmentStorageSanitizationTests.StoreFile_ShouldSanitizeSubjectAndFileName_AndKeepPathUnderBaseFolder" computerName="ETERNALS" duration="00:00:02.4173494" startTime="2026-03-29T23:26:42.3553652-05:00" endTime="2026-03-29T23:26:42.3553654-05:00" testType="13cdc9d9-ddb5-4fa4-a97d-d965ccfc6d4b" outcome="Passed" testListId="8c84fa94-04c1-424b-9868-57a2d4851a1d" relativeResultsDirectory="e689264b-b825-4f81-afed-bef3e07ef4f7" />
    <UnitTestResult executionId="5a4df208-f3df-4570-9aeb-def5afb94ddc" testId="c1f9de97-81b1-af75-9725-c048648a378b" testName="MailMonitor.UnitTests.Domain.CompanyValidationTests.RegisterProcessedEmail_ShouldFail_WhenSubjectIsEmpty" computerName="ETERNALS" duration="00:00:00.0013982" startTime="2026-03-29T23:26:40.2465851-05:00" endTime="2026-03-29T23:26:40.2465854-05:00" testType="13cdc9d9-ddb5-4fa4-a97d-d965ccfc6d4b" outcome="Passed" testListId="8c84fa94-04c1-424b-9868-57a2d4851a1d" relativeResultsDirectory="5a4df208-f3df-4570-9aeb-def5afb94ddc" />
    <UnitTestResult executionId="938fc571-35b7-4f46-92da-b4d37858956b" testId="500f2251-e8b8-be45-8d6d-8563e207803c" testName="MailMonitor.UnitTests.Worker.MessageFilterServiceTests.EvaluateMessage_ShouldSkip_WhenSubjectDoesNotMatchConfiguredKeywords" computerName="ETERNALS" duration="00:00:00.0012079" startTime="2026-03-29T23:26:41.4182773-05:00" endTime="2026-03-29T23:26:41.4182774-05:00" testType="13cdc9d9-ddb5-4fa4-a97d-d965ccfc6d4b" outcome="Passed" testListId="8c84fa94-04c1-424b-9868-57a2d4851a1d" relativeResultsDirectory="938fc571-35b7-4f46-92da-b4d37858956b" />
    <UnitTestResult executionId="f1c9b632-cc60-49fb-9c10-6a999d7414fa" testId="63826db0-e19a-a1be-f1db-f89e79295747" testName="MailMonitor.UnitTests.Domain.CompanyValidationTests.CreateValidated_ShouldFail_WhenNameIsEmpty" computerName="ETERNALS" duration="00:00:00.2689926" startTime="2026-03-29T23:26:40.2177140-05:00" endTime="2026-03-29T23:26:40.2178421-05:00" testType="13cdc9d9-ddb5-4fa4-a97d-d965ccfc6d4b" outcome="Passed" testListId="8c84fa94-04c1-424b-9868-57a2d4851a1d" relativeResultsDirectory="f1c9b632-cc60-49fb-9c10-6a999d7414fa" />
    <UnitTestResult executionId="da8c0823-3e52-4c78-be7b-d59ad4b8283c" testId="501c5e39-3e84-c6a8-3468-667e93ae91fb" testName="MailMonitor.UnitTests.Domain.CompanyValidationTests.CreateValidated_ShouldFail_WhenStartFromIsInvalid" computerName="ETERNALS" duration="00:00:00.0242355" startTime="2026-03-29T23:26:40.2450527-05:00" endTime="2026-03-29T23:26:40.2450532-05:00" testType="13cdc9d9-ddb5-4fa4-a97d-d965ccfc6d4b" outcome="Passed" testListId="8c84fa94-04c1-424b-9868-57a2d4851a1d" relativeResultsDirectory="da8c0823-3e52-4c78-be7b-d59ad4b8283c" />
    <UnitTestResult executionId="b3d8fba9-0a88-4fab-be20-a9505f8ea0b0" testId="2f177721-a043-b6e8-6c60-34bf87707798" testName="MailMonitor.UnitTests.Domain.GraphSettingValidationTests.Validate_ShouldFail_WhenInstanceIsEmpty" computerName="ETERNALS" duration="00:00:00.0010573" startTime="2026-03-29T23:26:40.7262685-05:00" endTime="2026-03-29T23:26:40.7262686-05:00" testType="13cdc9d9-ddb5-4fa4-a97d-d965ccfc6d4b" outcome="Passed" testListId="8c84fa94-04c1-424b-9868-57a2d4851a1d" relativeResultsDirectory="b3d8fba9-0a88-4fab-be20-a9505f8ea0b0" />
    <UnitTestResult executionId="788fdc89-31d4-4fe1-9747-bcb7f93f3118" testId="2a616e8c-22a2-cae8-dcac-01d5f8de8010" testName="MailMonitor.UnitTests.Infrastructure.AttachmentStorageSanitizationTests.StoreFile_ShouldUseNoSubjectDirectory_WhenSubjectIsEmpty" computerName="ETERNALS" duration="00:00:00.0153572" startTime="2026-03-29T23:26:42.3708634-05:00" endTime="2026-03-29T23:26:42.3708638-05:00" testType="13cdc9d9-ddb5-4fa4-a97d-d965ccfc6d4b" outcome="Passed" testListId="8c84fa94-04c1-424b-9868-57a2d4851a1d" relativeResultsDirectory="788fdc89-31d4-4fe1-9747-bcb7f93f3118" />
    <UnitTestResult executionId="3ea125fd-9744-437f-959e-25e1ced7f2ca" testId="cf49aacc-4629-bae2-7c81-fe28a5695b65" testName="MailMonitor.UnitTests.Worker.MessageFilterServiceTests.EvaluateMessage_ShouldContinue_WhenSubjectMatchesKeywordWithMixedSeparators" computerName="ETERNALS" duration="00:00:00.0028593" startTime="2026-03-29T23:26:41.4178285-05:00" endTime="2026-03-29T23:26:41.4178289-05:00" testType="13cdc9d9-ddb5-4fa4-a97d-d965ccfc6d4b" outcome="Passed" testListId="8c84fa94-04c1-424b-9868-57a2d4851a1d" relativeResultsDirectory="3ea125fd-9744-437f-959e-25e1ced7f2ca" />
    <UnitTestResult executionId="09ef10da-644b-498c-8e32-62135edabbe8" testId="e183be1d-ff9c-d435-7079-d53b621811a8" testName="MailMonitor.UnitTests.Worker.MessageFilterServiceTests.FilterAttachments_ShouldOnlyApplyKeywordFilter_WhenNoExtensionsConfigured" computerName="ETERNALS" duration="00:00:01.4238473" startTime="2026-03-29T23:26:41.3623490-05:00" endTime="2026-03-29T23:26:41.3623495-05:00" testType="13cdc9d9-ddb5-4fa4-a97d-d965ccfc6d4b" outcome="Passed" testListId="8c84fa94-04c1-424b-9868-57a2d4851a1d" relativeResultsDirectory="09ef10da-644b-498c-8e32-62135edabbe8" />
    <UnitTestResult executionId="a0acd900-c0a4-427e-a930-7ce5d5b53ad4" testId="56721eae-11d1-8edc-34ab-b03833e27774" testName="MailMonitor.UnitTests.Worker.MessageFilterServiceTests.EvaluateMessage_ShouldSkip_WhenMessageIdWasAlreadyProcessed" computerName="ETERNALS" duration="00:00:00.0453939" startTime="2026-03-29T23:26:41.4117273-05:00" endTime="2026-03-29T23:26:41.4117276-05:00" testType="13cdc9d9-ddb5-4fa4-a97d-d965ccfc6d4b" outcome="Passed" testListId="8c84fa94-04c1-424b-9868-57a2d4851a1d" relativeResultsDirectory="a0acd900-c0a4-427e-a930-7ce5d5b53ad4" />
    <UnitTestResult executionId="b3b594ad-3f33-413c-8cac-e124984e849b" testId="a47c8102-6a6a-0b7e-3a6e-00b34c05bd61" testName="MailMonitor.UnitTests.Domain.GraphSettingValidationTests.Validate_ShouldSucceed_WhenAllRequiredFieldsArePresent" computerName="ETERNALS" duration="00:00:00.0004157" startTime="2026-03-29T23:26:40.7267085-05:00" endTime="2026-03-29T23:26:40.7267086-05:00" testType="13cdc9d9-ddb5-4fa4-a97d-d965ccfc6d4b" outcome="Passed" testListId="8c84fa94-04c1-424b-9868-57a2d4851a1d" relativeResultsDirectory="b3b594ad-3f33-413c-8cac-e124984e849b" />
    <UnitTestResult executionId="bbfe4fa4-dbaa-4414-910d-efd260b161f3" testId="07582dd2-2dd1-14d2-3b3b-6d831995e9ec" testName="MailMonitor.UnitTests.Domain.CompanyValidationTests.RegisterProcessedEmail_ShouldPersistProcessedMetadata" computerName="ETERNALS" duration="00:00:00.0154480" startTime="2026-03-29T23:26:40.3442853-05:00" endTime="2026-03-29T23:26:40.3442856-05:00" testType="13cdc9d9-ddb5-4fa4-a97d-d965ccfc6d4b" outcome="Passed" testListId="8c84fa94-04c1-424b-9868-57a2d4851a1d" relativeResultsDirectory="bbfe4fa4-dbaa-4414-910d-efd260b161f3" />
    <UnitTestResult executionId="507ca7d9-0203-4a9d-8351-72a45f85ee97" testId="065081dc-2ef0-a9f2-36f8-4aeb4e55292d" testName="MailMonitor.UnitTests.Domain.GraphSettingValidationTests.SetScopes_ShouldNormalizeAndDeduplicateValues" computerName="ETERNALS" duration="00:00:00.5922989" startTime="2026-03-29T23:26:40.5303599-05:00" endTime="2026-03-29T23:26:40.5303606-05:00" testType="13cdc9d9-ddb5-4fa4-a97d-d965ccfc6d4b" outcome="Passed" testListId="8c84fa94-04c1-424b-9868-57a2d4851a1d" relativeResultsDirectory="507ca7d9-0203-4a9d-8351-72a45f85ee97" />
    <UnitTestResult executionId="cb423943-d6f1-45d0-974e-0459bb391a7e" testId="193deadb-14b6-0846-3756-e75dd6dfd909" testName="MailMonitor.UnitTests.Domain.CompanyValidationTests.CreateValidated_ShouldNormalizeListsAndTrimFields" computerName="ETERNALS" duration="00:00:00.0780483" startTime="2026-03-29T23:26:40.3316773-05:00" endTime="2026-03-29T23:26:40.3316776-05:00" testType="13cdc9d9-ddb5-4fa4-a97d-d965ccfc6d4b" outcome="Passed" testListId="8c84fa94-04c1-424b-9868-57a2d4851a1d" relativeResultsDirectory="cb423943-d6f1-45d0-974e-0459bb391a7e" />
  </Results>
  <TestDefinitions>
    <UnitTest name="MailMonitor.UnitTests.Domain.GraphSettingValidationTests.Validate_ShouldFail_WhenInstanceIsEmpty" storage="c:\users\jarig\source\repos\mastermailmonitoring\mailmonitor.unittests\bin\debug\net8.0\mailmonitor.unittests.dll" id="2f177721-a043-b6e8-6c60-34bf87707798">
      <Execution id="b3d8fba9-0a88-4fab-be20-a9505f8ea0b0" />
      <TestMethod codeBase="C:\Users\jarig\source\repos\MasterMailMonitoring\MailMonitor.UnitTests\bin\Debug\net8.0\MailMonitor.UnitTests.dll" adapterTypeName="executor://xunit/VsTestRunner2/netcoreapp" className="MailMonitor.UnitTests.Domain.GraphSettingValidationTests" name="Validate_ShouldFail_WhenInstanceIsEmpty" />
    </UnitTest>
    <UnitTest name="MailMonitor.UnitTests.Worker.MessageFilterServiceTests.EvaluateMessage_ShouldSkip_WhenSubjectDoesNotMatchConfiguredKeywords" storage="c:\users\jarig\source\repos\mastermailmonitoring\mailmonitor.unittests\bin\debug\net8.0\mailmonitor.unittests.dll" id="500f2251-e8b8-be45-8d6d-8563e207803c">
      <Execution id="938fc571-35b7-4f46-92da-b4d37858956b" />
      <TestMethod codeBase="C:\Users\jarig\source\repos\MasterMailMonitoring\MailMonitor.UnitTests\bin\Debug\net8.0\MailMonitor.UnitTests.dll" adapterTypeName="executor://xunit/VsTestRunner2/netcoreapp" className="MailMonitor.UnitTests.Worker.MessageFilterServiceTests" name="EvaluateMessage_ShouldSkip_WhenSubjectDoesNotMatchConfiguredKeywords" />
    </UnitTest>
    <UnitTest name="MailMonitor.UnitTests.Worker.MessageFilterServiceTests.EvaluateMessage_ShouldSkip_WhenMessageIdWasAlreadyProcessed" storage="c:\users\jarig\source\repos\mastermailmonitoring\mailmonitor.unittests\bin\debug\net8.0\mailmonitor.unittests.dll" id="56721eae-11d1-8edc-34ab-b03833e27774">
      <Execution id="a0acd900-c0a4-427e-a930-7ce5d5b53ad4" />
      <TestMethod codeBase="C:\Users\jarig\source\repos\MasterMailMonitoring\MailMonitor.UnitTests\bin\Debug\net8.0\MailMonitor.UnitTests.dll" adapterTypeName="executor://xunit/VsTestRunner2/netcoreapp" className="MailMonitor.UnitTests.Worker.MessageFilterServiceTests" name="EvaluateMessage_ShouldSkip_WhenMessageIdWasAlreadyProcessed" />
    </UnitTest>
    <UnitTest name="MailMonitor.UnitTests.Worker.MessageFilterServiceTests.FilterAttachments_ShouldOnlyApplyKeywordFilter_WhenNoExtensionsConfigured" storage="c:\users\jarig\source\repos\mastermailmonitoring\mailmonitor.unittests\bin\debug\net8.0\mailmonitor.unittests.dll" id="e183be1d-ff9c-d435-7079-d53b621811a8">
      <Execution id="09ef10da-644b-498c-8e32-62135edabbe8" />
      <TestMethod codeBase="C:\Users\jarig\source\repos\MasterMailMonitoring\MailMonitor.UnitTests\bin\Debug\net8.0\MailMonitor.UnitTests.dll" adapterTypeName="executor://xunit/VsTestRunner2/netcoreapp" className="MailMonitor.UnitTests.Worker.MessageFilterServiceTests" name="FilterAttachments_ShouldOnlyApplyKeywordFilter_WhenNoExtensionsConfigured" />
    </UnitTest>
    <UnitTest name="MailMonitor.UnitTests.Domain.CompanyValidationTests.RegisterProcessedEmail_ShouldFail_WhenAttachmentsCountIsNegative" storage="c:\users\jarig\source\repos\mastermailmonitoring\mailmonitor.unittests\bin\debug\net8.0\mailmonitor.unittests.dll" id="52e16965-bee5-9cbf-506e-fd274f4821a6">
      <Execution id="05fb3017-39ff-4e89-810f-04098e02c137" />
      <TestMethod codeBase="C:\Users\jarig\source\repos\MasterMailMonitoring\MailMonitor.UnitTests\bin\Debug\net8.0\MailMonitor.UnitTests.dll" adapterTypeName="executor://xunit/VsTestRunner2/netcoreapp" className="MailMonitor.UnitTests.Domain.CompanyValidationTests" name="RegisterProcessedEmail_ShouldFail_WhenAttachmentsCountIsNegative" />
    </UnitTest>
    <UnitTest name="MailMonitor.UnitTests.Domain.CompanyValidationTests.CreateValidated_ShouldFail_WhenNameIsEmpty" storage="c:\users\jarig\source\repos\mastermailmonitoring\mailmonitor.unittests\bin\debug\net8.0\mailmonitor.unittests.dll" id="63826db0-e19a-a1be-f1db-f89e79295747">
      <Execution id="f1c9b632-cc60-49fb-9c10-6a999d7414fa" />
      <TestMethod codeBase="C:\Users\jarig\source\repos\MasterMailMonitoring\MailMonitor.UnitTests\bin\Debug\net8.0\MailMonitor.UnitTests.dll" adapterTypeName="executor://xunit/VsTestRunner2/netcoreapp" className="MailMonitor.UnitTests.Domain.CompanyValidationTests" name="CreateValidated_ShouldFail_WhenNameIsEmpty" />
    </UnitTest>
    <UnitTest name="MailMonitor.UnitTests.Domain.CompanyValidationTests.RegisterProcessedEmail_ShouldPersistProcessedMetadata" storage="c:\users\jarig\source\repos\mastermailmonitoring\mailmonitor.unittests\bin\debug\net8.0\mailmonitor.unittests.dll" id="07582dd2-2dd1-14d2-3b3b-6d831995e9ec">
      <Execution id="bbfe4fa4-dbaa-4414-910d-efd260b161f3" />
      <TestMethod codeBase="C:\Users\jarig\source\repos\MasterMailMonitoring\MailMonitor.UnitTests\bin\Debug\net8.0\MailMonitor.UnitTests.dll" adapterTypeName="executor://xunit/VsTestRunner2/netcoreapp" className="MailMonitor.UnitTests.Domain.CompanyValidationTests" name="RegisterProcessedEmail_ShouldPersistProcessedMetadata" />
    </UnitTest>
    <UnitTest name="MailMonitor.UnitTests.Domain.GraphSettingValidationTests.Validate_ShouldFail_WhenScopesJsonIsInvalid" storage="c:\users\jarig\source\repos\mastermailmonitoring\mailmonitor.unittests\bin\debug\net8.0\mailmonitor.unittests.dll" id="93cdc64f-f411-dc3e-2a81-4e2e7e461fb5">
      <Execution id="9be2877d-d9e5-4fcd-b6cb-1d9ada0e8a49" />
      <TestMethod codeBase="C:\Users\jarig\source\repos\MasterMailMonitoring\MailMonitor.UnitTests\bin\Debug\net8.0\MailMonitor.UnitTests.dll" adapterTypeName="executor://xunit/VsTestRunner2/netcoreapp" className="MailMonitor.UnitTests.Domain.GraphSettingValidationTests" name="Validate_ShouldFail_WhenScopesJsonIsInvalid" />
    </UnitTest>
    <UnitTest name="MailMonitor.UnitTests.Domain.CompanyValidationTests.CreateValidated_ShouldFail_WhenStartFromIsInvalid" storage="c:\users\jarig\source\repos\mastermailmonitoring\mailmonitor.unittests\bin\debug\net8.0\mailmonitor.unittests.dll" id="501c5e39-3e84-c6a8-3468-667e93ae91fb">
      <Execution id="da8c0823-3e52-4c78-be7b-d59ad4b8283c" />
      <TestMethod codeBase="C:\Users\jarig\source\repos\MasterMailMonitoring\MailMonitor.UnitTests\bin\Debug\net8.0\MailMonitor.UnitTests.dll" adapterTypeName="executor://xunit/VsTestRunner2/netcoreapp" className="MailMonitor.UnitTests.Domain.CompanyValidationTests" name="CreateValidated_ShouldFail_WhenStartFromIsInvalid" />
    </UnitTest>
    <UnitTest name="MailMonitor.UnitTests.Worker.MessageFilterServiceTests.EvaluateMessage_ShouldContinue_WhenSubjectMatchesKeywordWithMixedSeparators" storage="c:\users\jarig\source\repos\mastermailmonitoring\mailmonitor.unittests\bin\debug\net8.0\mailmonitor.unittests.dll" id="cf49aacc-4629-bae2-7c81-fe28a5695b65">
      <Execution id="3ea125fd-9744-437f-959e-25e1ced7f2ca" />
      <TestMethod codeBase="C:\Users\jarig\source\repos\MasterMailMonitoring\MailMonitor.UnitTests\bin\Debug\net8.0\MailMonitor.UnitTests.dll" adapterTypeName="executor://xunit/VsTestRunner2/netcoreapp" className="MailMonitor.UnitTests.Worker.MessageFilterServiceTests" name="EvaluateMessage_ShouldContinue_WhenSubjectMatchesKeywordWithMixedSeparators" />
    </UnitTest>
    <UnitTest name="MailMonitor.UnitTests.Domain.CompanyValidationTests.RegisterProcessedEmail_ShouldFail_WhenSubjectIsEmpty" storage="c:\users\jarig\source\repos\mastermailmonitoring\mailmonitor.unittests\bin\debug\net8.0\mailmonitor.unittests.dll" id="c1f9de97-81b1-af75-9725-c048648a378b">
      <Execution id="5a4df208-f3df-4570-9aeb-def5afb94ddc" />
      <TestMethod codeBase="C:\Users\jarig\source\repos\MasterMailMonitoring\MailMonitor.UnitTests\bin\Debug\net8.0\MailMonitor.UnitTests.dll" adapterTypeName="executor://xunit/VsTestRunner2/netcoreapp" className="MailMonitor.UnitTests.Domain.CompanyValidationTests" name="RegisterProcessedEmail_ShouldFail_WhenSubjectIsEmpty" />
    </UnitTest>
    <UnitTest name="MailMonitor.UnitTests.Worker.MessageFilterServiceTests.FilterAttachments_ShouldApplyExtensionAndKeywordFilters" storage="c:\users\jarig\source\repos\mastermailmonitoring\mailmonitor.unittests\bin\debug\net8.0\mailmonitor.unittests.dll" id="2d37f6cf-23ac-04e9-d8da-d82d83b7daf4">
      <Execution id="30b02635-b76f-4feb-8bc0-9289dbd5e0d0" />
      <TestMethod codeBase="C:\Users\jarig\source\repos\MasterMailMonitoring\MailMonitor.UnitTests\bin\Debug\net8.0\MailMonitor.UnitTests.dll" adapterTypeName="executor://xunit/VsTestRunner2/netcoreapp" className="MailMonitor.UnitTests.Worker.MessageFilterServiceTests" name="FilterAttachments_ShouldApplyExtensionAndKeywordFilters" />
    </UnitTest>
    <UnitTest name="MailMonitor.UnitTests.Domain.CompanyValidationTests.CreateValidated_ShouldNormalizeListsAndTrimFields" storage="c:\users\jarig\source\repos\mastermailmonitoring\mailmonitor.unittests\bin\debug\net8.0\mailmonitor.unittests.dll" id="193deadb-14b6-0846-3756-e75dd6dfd909">
      <Execution id="cb423943-d6f1-45d0-974e-0459bb391a7e" />
      <TestMethod codeBase="C:\Users\jarig\source\repos\MasterMailMonitoring\MailMonitor.UnitTests\bin\Debug\net8.0\MailMonitor.UnitTests.dll" adapterTypeName="executor://xunit/VsTestRunner2/netcoreapp" className="MailMonitor.UnitTests.Domain.CompanyValidationTests" name="CreateValidated_ShouldNormalizeListsAndTrimFields" />
    </UnitTest>
    <UnitTest name="MailMonitor.UnitTests.Domain.GraphSettingValidationTests.Validate_ShouldSucceed_WhenAllRequiredFieldsArePresent" storage="c:\users\jarig\source\repos\mastermailmonitoring\mailmonitor.unittests\bin\debug\net8.0\mailmonitor.unittests.dll" id="a47c8102-6a6a-0b7e-3a6e-00b34c05bd61">
      <Execution id="b3b594ad-3f33-413c-8cac-e124984e849b" />
      <TestMethod codeBase="C:\Users\jarig\source\repos\MasterMailMonitoring\MailMonitor.UnitTests\bin\Debug\net8.0\MailMonitor.UnitTests.dll" adapterTypeName="executor://xunit/VsTestRunner2/netcoreapp" className="MailMonitor.UnitTests.Domain.GraphSettingValidationTests" name="Validate_ShouldSucceed_WhenAllRequiredFieldsArePresent" />
    </UnitTest>
    <UnitTest name="MailMonitor.UnitTests.Domain.GraphSettingValidationTests.SetScopes_ShouldNormalizeAndDeduplicateValues" storage="c:\users\jarig\source\repos\mastermailmonitoring\mailmonitor.unittests\bin\debug\net8.0\mailmonitor.unittests.dll" id="065081dc-2ef0-a9f2-36f8-4aeb4e55292d">
      <Execution id="507ca7d9-0203-4a9d-8351-72a45f85ee97" />
      <TestMethod codeBase="C:\Users\jarig\source\repos\MasterMailMonitoring\MailMonitor.UnitTests\bin\Debug\net8.0\MailMonitor.UnitTests.dll" adapterTypeName="executor://xunit/VsTestRunner2/netcoreapp" className="MailMonitor.UnitTests.Domain.GraphSettingValidationTests" name="SetScopes_ShouldNormalizeAndDeduplicateValues" />
    </UnitTest>
    <UnitTest name="MailMonitor.UnitTests.Infrastructure.AttachmentStorageSanitizationTests.StoreFile_ShouldSanitizeSubjectAndFileName_AndKeepPathUnderBaseFolder" storage="c:\users\jarig\source\repos\mastermailmonitoring\mailmonitor.unittests\bin\debug\net8.0\mailmonitor.unittests.dll" id="b23c301a-30dd-0b29-540b-7478f8e1b3c0">
      <Execution id="e689264b-b825-4f81-afed-bef3e07ef4f7" />
      <TestMethod codeBase="C:\Users\jarig\source\repos\MasterMailMonitoring\MailMonitor.UnitTests\bin\Debug\net8.0\MailMonitor.UnitTests.dll" adapterTypeName="executor://xunit/VsTestRunner2/netcoreapp" className="MailMonitor.UnitTests.Infrastructure.AttachmentStorageSanitizationTests" name="StoreFile_ShouldSanitizeSubjectAndFileName_AndKeepPathUnderBaseFolder" />
    </UnitTest>
    <UnitTest name="MailMonitor.UnitTests.Infrastructure.AttachmentStorageSanitizationTests.StoreFile_ShouldUseNoSubjectDirectory_WhenSubjectIsEmpty" storage="c:\users\jarig\source\repos\mastermailmonitoring\mailmonitor.unittests\bin\debug\net8.0\mailmonitor.unittests.dll" id="2a616e8c-22a2-cae8-dcac-01d5f8de8010">
      <Execution id="788fdc89-31d4-4fe1-9747-bcb7f93f3118" />
      <TestMethod codeBase="C:\Users\jarig\source\repos\MasterMailMonitoring\MailMonitor.UnitTests\bin\Debug\net8.0\MailMonitor.UnitTests.dll" adapterTypeName="executor://xunit/VsTestRunner2/netcoreapp" className="MailMonitor.UnitTests.Infrastructure.AttachmentStorageSanitizationTests" name="StoreFile_ShouldUseNoSubjectDirectory_WhenSubjectIsEmpty" />
    </UnitTest>
  </TestDefinitions>
  <TestEntries>
    <TestEntry testId="93cdc64f-f411-dc3e-2a81-4e2e7e461fb5" executionId="9be2877d-d9e5-4fcd-b6cb-1d9ada0e8a49" testListId="8c84fa94-04c1-424b-9868-57a2d4851a1d" />
    <TestEntry testId="52e16965-bee5-9cbf-506e-fd274f4821a6" executionId="05fb3017-39ff-4e89-810f-04098e02c137" testListId="8c84fa94-04c1-424b-9868-57a2d4851a1d" />
    <TestEntry testId="2d37f6cf-23ac-04e9-d8da-d82d83b7daf4" executionId="30b02635-b76f-4feb-8bc0-9289dbd5e0d0" testListId="8c84fa94-04c1-424b-9868-57a2d4851a1d" />
    <TestEntry testId="b23c301a-30dd-0b29-540b-7478f8e1b3c0" executionId="e689264b-b825-4f81-afed-bef3e07ef4f7" testListId="8c84fa94-04c1-424b-9868-57a2d4851a1d" />
    <TestEntry testId="c1f9de97-81b1-af75-9725-c048648a378b" executionId="5a4df208-f3df-4570-9aeb-def5afb94ddc" testListId="8c84fa94-04c1-424b-9868-57a2d4851a1d" />
    <TestEntry testId="500f2251-e8b8-be45-8d6d-8563e207803c" executionId="938fc571-35b7-4f46-92da-b4d37858956b" testListId="8c84fa94-04c1-424b-9868-57a2d4851a1d" />
    <TestEntry testId="63826db0-e19a-a1be-f1db-f89e79295747" executionId="f1c9b632-cc60-49fb-9c10-6a999d7414fa" testListId="8c84fa94-04c1-424b-9868-57a2d4851a1d" />
    <TestEntry testId="501c5e39-3e84-c6a8-3468-667e93ae91fb" executionId="da8c0823-3e52-4c78-be7b-d59ad4b8283c" testListId="8c84fa94-04c1-424b-9868-57a2d4851a1d" />
    <TestEntry testId="2f177721-a043-b6e8-6c60-34bf87707798" executionId="b3d8fba9-0a88-4fab-be20-a9505f8ea0b0" testListId="8c84fa94-04c1-424b-9868-57a2d4851a1d" />
    <TestEntry testId="2a616e8c-22a2-cae8-dcac-01d5f8de8010" executionId="788fdc89-31d4-4fe1-9747-bcb7f93f3118" testListId="8c84fa94-04c1-424b-9868-57a2d4851a1d" />
    <TestEntry testId="cf49aacc-4629-bae2-7c81-fe28a5695b65" executionId="3ea125fd-9744-437f-959e-25e1ced7f2ca" testListId="8c84fa94-04c1-424b-9868-57a2d4851a1d" />
    <TestEntry testId="e183be1d-ff9c-d435-7079-d53b621811a8" executionId="09ef10da-644b-498c-8e32-62135edabbe8" testListId="8c84fa94-04c1-424b-9868-57a2d4851a1d" />
    <TestEntry testId="56721eae-11d1-8edc-34ab-b03833e27774" executionId="a0acd900-c0a4-427e-a930-7ce5d5b53ad4" testListId="8c84fa94-04c1-424b-9868-57a2d4851a1d" />
    <TestEntry testId="a47c8102-6a6a-0b7e-3a6e-00b34c05bd61" executionId="b3b594ad-3f33-413c-8cac-e124984e849b" testListId="8c84fa94-04c1-424b-9868-57a2d4851a1d" />
    <TestEntry testId="07582dd2-2dd1-14d2-3b3b-6d831995e9ec" executionId="bbfe4fa4-dbaa-4414-910d-efd260b161f3" testListId="8c84fa94-04c1-424b-9868-57a2d4851a1d" />
    <TestEntry testId="065081dc-2ef0-a9f2-36f8-4aeb4e55292d" executionId="507ca7d9-0203-4a9d-8351-72a45f85ee97" testListId="8c84fa94-04c1-424b-9868-57a2d4851a1d" />
    <TestEntry testId="193deadb-14b6-0846-3756-e75dd6dfd909" executionId="cb423943-d6f1-45d0-974e-0459bb391a7e" testListId="8c84fa94-04c1-424b-9868-57a2d4851a1d" />
  </TestEntries>
  <TestLists>
    <TestList name="Resultados sin formato de lista" id="8c84fa94-04c1-424b-9868-57a2d4851a1d" />
    <TestList name="Todos los resultados cargados" id="19431567-8539-422a-85d7-44ee4e166bda" />
  </TestLists>
  <ResultSummary outcome="Completed">
    <Counters total="17" executed="17" passed="17" failed="0" error="0" timeout="0" aborted="0" inconclusive="0" passedButRunAborted="0" notRunnable="0" notExecuted="0" disconnected="0" warning="0" completed="0" inProgress="0" pending="0" />
    <Output>
      <StdOut>[xUnit.net 00:00:00.00] xUnit.net VSTest Adapter v2.5.3.1+6b60a9e56a (64-bit .NET 8.0.25)&#xD;
[xUnit.net 00:00:00.87]   Discovering: MailMonitor.UnitTests&#xD;
[xUnit.net 00:00:01.05]   Discovered:  MailMonitor.UnitTests&#xD;
[xUnit.net 00:00:01.05]   Starting:    MailMonitor.UnitTests&#xD;
[xUnit.net 00:00:03.63]   Finished:    MailMonitor.UnitTests&#xD;
</StdOut>
    </Output>
  </ResultSummary>
</TestRun>